Archive member included to satisfy reference by file (symbol)

/Users/davidebucci/Desktop/Synchronized/Vintage/Computing/Atari/ST/brown/lib/gcc/m68k-atariextrabrowner-elf/10.2.0/../../../../m68k-atariextrabrowner-elf/lib/m68000/libc.a(checkcpu.o)
                              /Users/davidebucci/Desktop/Synchronized/Vintage/Computing/Atari/ST/brown//../bigbrownbuild-git/mintlib-bigbrownbuild-10.2.0/startup/crt0.o (__checkcpu)
/Users/davidebucci/Desktop/Synchronized/Vintage/Computing/Atari/ST/brown/lib/gcc/m68k-atariextrabrowner-elf/10.2.0/../../../../m68k-atariextrabrowner-elf/lib/m68000/libc.a(crtinit.o)
                              /Users/davidebucci/Desktop/Synchronized/Vintage/Computing/Atari/ST/brown//../bigbrownbuild-git/mintlib-bigbrownbuild-10.2.0/startup/crt0.o (__acc_main)
/Users/davidebucci/Desktop/Synchronized/Vintage/Computing/Atari/ST/brown/lib/gcc/m68k-atariextrabrowner-elf/10.2.0/../../../../m68k-atariextrabrowner-elf/lib/m68000/libc.a(getenv.o)
                              /Users/davidebucci/Desktop/Synchronized/Vintage/Computing/Atari/ST/brown/lib/gcc/m68k-atariextrabrowner-elf/10.2.0/../../../../m68k-atariextrabrowner-elf/lib/m68000/libc.a(crtinit.o) (_getenv)
/Users/davidebucci/Desktop/Synchronized/Vintage/Computing/Atari/ST/brown/lib/gcc/m68k-atariextrabrowner-elf/10.2.0/../../../../m68k-atariextrabrowner-elf/lib/m68000/libc.a(globals.o)
                              two_days_no_UTF8.o (symbol from plugin) (_stdin)
/Users/davidebucci/Desktop/Synchronized/Vintage/Computing/Atari/ST/brown/lib/gcc/m68k-atariextrabrowner-elf/10.2.0/../../../../m68k-atariextrabrowner-elf/lib/m68000/libc.a(heapbase.o)
                              /Users/davidebucci/Desktop/Synchronized/Vintage/Computing/Atari/ST/brown//../bigbrownbuild-git/mintlib-bigbrownbuild-10.2.0/startup/crt0.o (__heapbase)
/Users/davidebucci/Desktop/Synchronized/Vintage/Computing/Atari/ST/brown/lib/gcc/m68k-atariextrabrowner-elf/10.2.0/../../../../m68k-atariextrabrowner-elf/lib/m68000/libc.a(ident.o)
                              /Users/davidebucci/Desktop/Synchronized/Vintage/Computing/Atari/ST/brown//../bigbrownbuild-git/mintlib-bigbrownbuild-10.2.0/startup/crt0.o (___Ident_gnulib)
/Users/davidebucci/Desktop/Synchronized/Vintage/Computing/Atari/ST/brown/lib/gcc/m68k-atariextrabrowner-elf/10.2.0/../../../../m68k-atariextrabrowner-elf/lib/m68000/libc.a(ident_dummy_gem.o)
                              /Users/davidebucci/Desktop/Synchronized/Vintage/Computing/Atari/ST/brown//../bigbrownbuild-git/mintlib-bigbrownbuild-10.2.0/startup/crt0.o (___Ident_gem)
/Users/davidebucci/Desktop/Synchronized/Vintage/Computing/Atari/ST/brown/lib/gcc/m68k-atariextrabrowner-elf/10.2.0/../../../../m68k-atariextrabrowner-elf/lib/m68000/libc.a(inistack.o)
                              /Users/davidebucci/Desktop/Synchronized/Vintage/Computing/Atari/ST/brown/lib/gcc/m68k-atariextrabrowner-elf/10.2.0/../../../../m68k-atariextrabrowner-elf/lib/m68000/libc.a(crtinit.o) (__initial_stack)
/Users/davidebucci/Desktop/Synchronized/Vintage/Computing/Atari/ST/brown/lib/gcc/m68k-atariextrabrowner-elf/10.2.0/../../../../m68k-atariextrabrowner-elf/lib/m68000/libc.a(main.o)
                              /Users/davidebucci/Desktop/Synchronized/Vintage/Computing/Atari/ST/brown/lib/gcc/m68k-atariextrabrowner-elf/10.2.0/../../../../m68k-atariextrabrowner-elf/lib/m68000/libc.a(crtinit.o) (__main)
/Users/davidebucci/Desktop/Synchronized/Vintage/Computing/Atari/ST/brown/lib/gcc/m68k-atariextrabrowner-elf/10.2.0/../../../../m68k-atariextrabrowner-elf/lib/m68000/libc.a(malloc.o)
                              /Users/davidebucci/Desktop/Synchronized/Vintage/Computing/Atari/ST/brown/lib/gcc/m68k-atariextrabrowner-elf/10.2.0/../../../../m68k-atariextrabrowner-elf/lib/m68000/libc.a(main.o) (_malloc)
/Users/davidebucci/Desktop/Synchronized/Vintage/Computing/Atari/ST/brown/lib/gcc/m68k-atariextrabrowner-elf/10.2.0/../../../../m68k-atariextrabrowner-elf/lib/m68000/libc.a(realloc.o)
                              /Users/davidebucci/Desktop/Synchronized/Vintage/Computing/Atari/ST/brown/lib/gcc/m68k-atariextrabrowner-elf/10.2.0/../../../../m68k-atariextrabrowner-elf/lib/m68000/libc.a(main.o) (_realloc)
/Users/davidebucci/Desktop/Synchronized/Vintage/Computing/Atari/ST/brown/lib/gcc/m68k-atariextrabrowner-elf/10.2.0/../../../../m68k-atariextrabrowner-elf/lib/m68000/libc.a(setstack.o)
                              /Users/davidebucci/Desktop/Synchronized/Vintage/Computing/Atari/ST/brown/lib/gcc/m68k-atariextrabrowner-elf/10.2.0/../../../../m68k-atariextrabrowner-elf/lib/m68000/libc.a(crtinit.o) (__setstack)
/Users/davidebucci/Desktop/Synchronized/Vintage/Computing/Atari/ST/brown/lib/gcc/m68k-atariextrabrowner-elf/10.2.0/../../../../m68k-atariextrabrowner-elf/lib/m68000/libc.a(stksiz.o)
                              /Users/davidebucci/Desktop/Synchronized/Vintage/Computing/Atari/ST/brown//../bigbrownbuild-git/mintlib-bigbrownbuild-10.2.0/startup/crt0.o (__stksize)
[...]
Memory Configuration

Name             Origin             Length             Attributes
*default*        0x0000000000000000 0xffffffffffffffff

Linker script and memory map

LOAD /Users/davidebucci/Desktop/Synchronized/Vintage/Computing/Atari/ST/brown/lib/gcc/m68k-atariextrabrowner-elf/10.2.0/m68000/crtbegin.o
LOAD /Users/davidebucci/Desktop/Synchronized/Vintage/Computing/Atari/ST/brown//../bigbrownbuild-git/mintlib-bigbrownbuild-10.2.0/startup/crt0.o
LOAD cover_pics/tdttr.o
LOAD two_days_no_UTF8.o
LOAD /var/folders/sk/pxzc9l1n12xfhw7mpgdgdkdc0000gn/T//tdttr40.elf.LVtvPN.ltrans0.ltrans.o
LOAD inout40.o
LOAD loadsave.o
LOAD /Users/davidebucci/Desktop/Synchronized/Vintage/Computing/Atari/ST/brown//lib/gcc/m68k-atariextrabrowner-elf/10.2.0/m68000/libgcc.a
LOAD /Users/davidebucci/Desktop/Synchronized/Vintage/Computing/Atari/ST/brown/lib/gcc/m68k-atariextrabrowner-elf/10.2.0/../../../../m68k-atariextrabrowner-elf/lib/m68000/libc.a
LOAD /Users/davidebucci/Desktop/Synchronized/Vintage/Computing/Atari/ST/brown//lib/gcc/m68k-atariextrabrowner-elf/10.2.0/m68000/libgcc.a
LOAD /Users/davidebucci/Desktop/Synchronized/Vintage/Computing/Atari/ST/brown/lib/gcc/m68k-atariextrabrowner-elf/10.2.0/m68000/crtend.o
Address of section .text set to 0x0
                [!provide]                        PROVIDE (__executable_start = SEGMENT_START ("text-segment", 0x80000000))
                0x0000000080000094                . = (SEGMENT_START ("text-segment", 0x80000000) + SIZEOF_HEADERS)

.interp
 *(.interp)

.note.gnu.build-id
 *(.note.gnu.build-id)

.hash
 *(.hash)

.gnu.hash
 *(.gnu.hash)

.dynsym
 *(.dynsym)

.dynstr
 *(.dynstr)

.gnu.version
 *(.gnu.version)

.gnu.version_d
 *(.gnu.version_d)

.gnu.version_r
 *(.gnu.version_r)

.rela.dyn       0x0000000080000094        0x0
 *(.rela.init)
 *(.rela.text .rela.text.* .rela.gnu.linkonce.t.*)
 *(.rela.fini)
 *(.rela.rodata .rela.rodata.* .rela.gnu.linkonce.r.*)
 *(.rela.data .rela.data.* .rela.gnu.linkonce.d.*)
 *(.rela.tdata .rela.tdata.* .rela.gnu.linkonce.td.*)
 *(.rela.tbss .rela.tbss.* .rela.gnu.linkonce.tb.*)
 *(.rela.ctors)
 *(.rela.dtors)
 *(.rela.got)
 *(.rela.bss .rela.bss.* .rela.gnu.linkonce.b.*)
                [!provide]                        PROVIDE (__rela_iplt_start = .)
 *(.rela.iplt)
                [!provide]                        PROVIDE (__rela_iplt_end = .)

.rela.plt
 *(.rela.plt)

.init           0x0000000080000094        0xc
 *(SORT_NONE(.init))
 .init          0x0000000080000094        0x6 /Users/davidebucci/Desktop/Synchronized/Vintage/Computing/Atari/ST/brown/lib/gcc/m68k-atariextrabrowner-elf/10.2.0/m68000/crtbegin.o
 .init          0x000000008000009a        0x6 /Users/davidebucci/Desktop/Synchronized/Vintage/Computing/Atari/ST/brown/lib/gcc/m68k-atariextrabrowner-elf/10.2.0/m68000/crtend.o

.plt
 *(.plt)

.iplt
 *(.iplt)

.text           0x0000000000000000    0x3ed50
 *(.text.unlikely .text.*_unlikely .text.unlikely.*)
 .text.unlikely
                0x0000000000000000       0x14 /Users/davidebucci/Desktop/Synchronized/Vintage/Computing/Atari/ST/brown/lib/gcc/m68k-atariextrabrowner-elf/10.2.0/../../../../m68k-atariextrabrowner-elf/lib/m68000/libc.a(abort.o)
                0x0000000000000000                _abort
 *(.text.exit .text.exit.*)
 *(.text.startup .text.startup.*)
 .text.startup.main
                0x0000000000000014       0x4c /var/folders/sk/pxzc9l1n12xfhw7mpgdgdkdc0000gn/T//tdttr40.elf.LVtvPN.ltrans0.ltrans.o
                0x0000000000000014                _main
 *(.text.hot .text.hot.*)
 *(SORT_BY_NAME(.text.sorted.*))
 *(.text .stub .text.* .gnu.linkonce.t.*)
 .text          0x0000000000000060       0xf0 /Users/davidebucci/Desktop/Synchronized/Vintage/Computing/Atari/ST/brown/lib/gcc/m68k-atariextrabrowner-elf/10.2.0/m68000/crtbegin.o
 .text          0x0000000000000150       0x70 /Users/davidebucci/Desktop/Synchronized/Vintage/Computing/Atari/ST/brown//../bigbrownbuild-git/mintlib-bigbrownbuild-10.2.0/startup/crt0.o
                0x0000000000000150                __start
                0x00000000000001be                __monstartup
                0x00000000000001be                __moncontrol
                0x00000000000001be                ___mcleanup
 .text          0x00000000000001c0    0x20a16 cover_pics/tdttr.o
                0x00000000000001c6                _pic_display
 *fill*         0x0000000000020bd6        0x2 4e714e71
 .text          0x0000000000020bd8        0x0 /var/folders/sk/pxzc9l1n12xfhw7mpgdgdkdc0000gn/T//tdttr40.elf.LVtvPN.ltrans0.ltrans.o
 .text.restart  0x0000000000020bd8       0x92 /var/folders/sk/pxzc9l1n12xfhw7mpgdgdkdc0000gn/T//tdttr40.elf.LVtvPN.ltrans0.ltrans.o
 .text.object_is_available
                0x0000000000020c6a       0x7a /var/folders/sk/pxzc9l1n12xfhw7mpgdgdkdc0000gn/T//tdttr40.elf.LVtvPN.ltrans0.ltrans.o
 .text.cvna     0x0000000000020ce4       0x84 /var/folders/sk/pxzc9l1n12xfhw7mpgdgdkdc0000gn/T//tdttr40.elf.LVtvPN.ltrans0.ltrans.o
 .text.writesameln
                0x0000000000020d68      0x1f6 /var/folders/sk/pxzc9l1n12xfhw7mpgdgdkdc0000gn/T//tdttr40.elf.LVtvPN.ltrans0.ltrans.o
 .text.show_messagenlf
                0x0000000000020f5e      0x18c /var/folders/sk/pxzc9l1n12xfhw7mpgdgdkdc0000gn/T//tdttr40.elf.LVtvPN.ltrans0.ltrans.o
 .text.writesameln.constprop.0
                0x00000000000210ea      0x216 /var/folders/sk/pxzc9l1n12xfhw7mpgdgdkdc0000gn/T//tdttr40.elf.LVtvPN.ltrans0.ltrans.o
 .text.get      0x0000000000021300       0x98 /var/folders/sk/pxzc9l1n12xfhw7mpgdgdkdc0000gn/T//tdttr40.elf.LVtvPN.ltrans0.ltrans.o
 .text.drop     0x0000000000021398       0x70 /var/folders/sk/pxzc9l1n12xfhw7mpgdgdkdc0000gn/T//tdttr40.elf.LVtvPN.ltrans0.ltrans.o
 .text.unwear.constprop.0
                0x0000000000021408       0x84 /var/folders/sk/pxzc9l1n12xfhw7mpgdgdkdc0000gn/T//tdttr40.elf.LVtvPN.ltrans0.ltrans.o
 .text.writesameln.constprop.1
                0x000000000002148c      0x216 /var/folders/sk/pxzc9l1n12xfhw7mpgdgdkdc0000gn/T//tdttr40.elf.LVtvPN.ltrans0.ltrans.o
 .text.hi_cond  0x00000000000216a2      0x3ba /var/folders/sk/pxzc9l1n12xfhw7mpgdgdkdc0000gn/T//tdttr40.elf.LVtvPN.ltrans0.ltrans.o
 .text.wri      0x0000000000021a5c       0xf8 /var/folders/sk/pxzc9l1n12xfhw7mpgdgdkdc0000gn/T//tdttr40.elf.LVtvPN.ltrans0.ltrans.o
 .text.loadgame.constprop.0
                0x0000000000021b54      0x54e /var/folders/sk/pxzc9l1n12xfhw7mpgdgdkdc0000gn/T//tdttr40.elf.LVtvPN.ltrans0.ltrans.o
 .text.game_cycle
                0x00000000000220a2     0x5abe /var/folders/sk/pxzc9l1n12xfhw7mpgdgdkdc0000gn/T//tdttr40.elf.LVtvPN.ltrans0.ltrans.o
 .text          0x0000000000027b60       0x14 /Users/davidebucci/Desktop/Synchronized/Vintage/Computing/Atari/ST/brown/lib/gcc/m68k-atariextrabrowner-elf/10.2.0/../../../../m68k-atariextrabrowner-elf/lib/m68000/libc.a(checkcpu.o)
                0x0000000000027b60                __checkcpu
 .text          0x0000000000027b74      0x732 /Users/davidebucci/Desktop/Synchronized/Vintage/Computing/Atari/ST/brown/lib/gcc/m68k-atariextrabrowner-elf/10.2.0/../../../../m68k-atariextrabrowner-elf/lib/m68000/libc.a(crtinit.o)
                0x0000000000027b74                __acc_main
                0x0000000000027c82                __crtinit
 *fill*         0x00000000000282a6        0x2 4e714e71
 .text          0x00000000000282a8       0x6e /Users/davidebucci/Desktop/Synchronized/Vintage/Computing/Atari/ST/brown/lib/gcc/m68k-atariextrabrowner-elf/10.2.0/../../../../m68k-atariextrabrowner-elf/lib/m68000/libc.a(getenv.o)
                0x00000000000282a8                _getenv
 *fill*         0x0000000000028316        0x2 4e714e71
 .text          0x0000000000028318        0x0 /Users/davidebucci/Desktop/Synchronized/Vintage/Computing/Atari/ST/brown/lib/gcc/m68k-atariextrabrowner-elf/10.2.0/../../../../m68k-atariextrabrowner-elf/lib/m68000/libc.a(globals.o)
 .text          0x0000000000028318        0x0 /Users/davidebucci/Desktop/Synchronized/Vintage/Computing/Atari/ST/brown/lib/gcc/m68k-atariextrabrowner-elf/10.2.0/../../../../m68k-atariextrabrowner-elf/lib/m68000/libc.a(heapbase.o)
 .text          0x0000000000028318        0x0 /Users/davidebucci/Desktop/Synchronized/Vintage/Computing/Atari/ST/brown/lib/gcc/m68k-atariextrabrowner-elf/10.2.0/../../../../m68k-atariextrabrowner-elf/lib/m68000/libc.a(ident.o)
 .text          0x0000000000028318        0x0 /Users/davidebucci/Desktop/Synchronized/Vintage/Computing/Atari/ST/brown/lib/gcc/m68k-atariextrabrowner-elf/10.2.0/../../../../m68k-atariextrabrowner-elf/lib/m68000/libc.a(ident_dummy_gem.o)
 .text          0x0000000000028318        0x0 /Users/davidebucci/Desktop/Synchronized/Vintage/Computing/Atari/ST/brown/lib/gcc/m68k-atariextrabrowner-elf/10.2.0/../../../../m68k-atariextrabrowner-elf/lib/m68000/libc.a(inistack.o)
 .text          0x0000000000028318      0x6e2 /Users/davidebucci/Desktop/Synchronized/Vintage/Computing/Atari/ST/brown/lib/gcc/m68k-atariextrabrowner-elf/10.2.0/../../../../m68k-atariextrabrowner-elf/lib/m68000/libc.a(main.o)
                0x00000000000283b6                __main
                0x00000000000283b6                ___libc_main
 *fill*         0x00000000000289fa        0x2 4e714e71
 .text          0x00000000000289fc      0x4be /Users/davidebucci/Desktop/Synchronized/Vintage/Computing/Atari/ST/brown/lib/gcc/m68k-atariextrabrowner-elf/10.2.0/../../../../m68k-atariextrabrowner-elf/lib/m68000/libc.a(malloc.o)
                0x00000000000289fc                ___mallocChunkSize
                0x00000000000289fc                __mallocChunkSize
                0x0000000000028a0e                __malloczero
                0x0000000000028a0e                ___malloczero
                0x0000000000028a18                _malloc
                0x0000000000028a18                ___malloc
                0x0000000000028bf8                _free
                0x0000000000028bf8                ___free
 *fill*         0x0000000000028eba        0x2 4e714e71
 .text          0x0000000000028ebc      0x156 /Users/davidebucci/Desktop/Synchronized/Vintage/Computing/Atari/ST/brown/lib/gcc/m68k-atariextrabrowner-elf/10.2.0/../../../../m68k-atariextrabrowner-elf/lib/m68000/libc.a(realloc.o)
                0x0000000000028ebc                ___realloc
                0x0000000000028ebc                _realloc
 *fill*         0x0000000000029012        0x2 4e714e71
 .text          0x0000000000029014        0xc /Users/davidebucci/Desktop/Synchronized/Vintage/Computing/Atari/ST/brown/lib/gcc/m68k-atariextrabrowner-elf/10.2.0/../../../../m68k-atariextrabrowner-elf/lib/m68000/libc.a(setstack.o)
                0x0000000000029014                __setstack
 .text          0x0000000000029020        0x0 /Users/davidebucci/Desktop/Synchronized/Vintage/Computing/Atari/ST/brown/lib/gcc/m68k-atariextrabrowner-elf/10.2.0/../../../../m68k-atariextrabrowner-elf/lib/m68000/libc.a(stksiz.o)
 .text          0x0000000000029020      0x4ca /Users/davidebucci/Desktop/Synchronized/Vintage/Computing/Atari/ST/brown/lib/gcc/m68k-atariextrabrowner-elf/10.2.0/../../../../m68k-atariextrabrowner-elf/lib/m68000/libc.a(unx2dos.o)
                0x0000000000029020                __unx2dos
                0x0000000000029242                __dos2unx
                0x000000000002937c                _unx2dos
                0x0000000000029392                _dos2unx
                0x00000000000293a8                __path_unx2dos
                0x0000000000029446                __path_dos2unx
 *fill*         0x00000000000294ea        0x2 4e714e71
 .text          0x00000000000294ec       0x24 /Users/davidebucci/Desktop/Synchronized/Vintage/Computing/Atari/ST/brown/lib/gcc/m68k-atariextrabrowner-elf/10.2.0/../../../../m68k-atariextrabrowner-elf/lib/m68000/libc.a(initsig.o)
                0x00000000000294ec                __init_signal
 .text          0x0000000000029510       0xcc /Users/davidebucci/Desktop/Synchronized/Vintage/Computing/Atari/ST/brown/lib/gcc/m68k-atariextrabrowner-elf/10.2.0/../../../../m68k-atariextrabrowner-elf/lib/m68000/libc.a(binmode.o)
                0x0000000000029510                __binmode
                0x0000000000029510                ___binmode
                0x000000000002952a                ___set_binmode
 .text          0x00000000000295dc        0x0 /Users/davidebucci/Desktop/Synchronized/Vintage/Computing/Atari/ST/brown/lib/gcc/m68k-atariextrabrowner-elf/10.2.0/../../../../m68k-atariextrabrowner-elf/lib/m68000/libc.a(defmode.o)
 .text          0x00000000000295dc       0xea /Users/davidebucci/Desktop/Synchronized/Vintage/Computing/Atari/ST/brown/lib/gcc/m68k-atariextrabrowner-elf/10.2.0/../../../../m68k-atariextrabrowner-elf/lib/m68000/libc.a(fclose.o)
                0x00000000000295dc                _fclose
 *fill*         0x00000000000296c6        0x2 4e714e71
 .text          0x00000000000296c8      0x208 /Users/davidebucci/Desktop/Synchronized/Vintage/Computing/Atari/ST/brown/lib/gcc/m68k-atariextrabrowner-elf/10.2.0/../../../../m68k-atariextrabrowner-elf/lib/m68000/libc.a(fgets.o)
                0x00000000000296c8                _fgets_unlocked
                0x00000000000296c8                _fgets
 .text          0x00000000000298d0       0x64 /Users/davidebucci/Desktop/Synchronized/Vintage/Computing/Atari/ST/brown/lib/gcc/m68k-atariextrabrowner-elf/10.2.0/../../../../m68k-atariextrabrowner-elf/lib/m68000/libc.a(fileno.o)
                0x00000000000298d0                _fileno
                0x00000000000298d0                _fileno_unlocked
 .text          0x0000000000029934      0x156 /Users/davidebucci/Desktop/Synchronized/Vintage/Computing/Atari/ST/brown/lib/gcc/m68k-atariextrabrowner-elf/10.2.0/../../../../m68k-atariextrabrowner-elf/lib/m68000/libc.a(fopen.o)
                0x00000000000299d4                ___getmode
                0x00000000000299ea                _fopen
 *fill*         0x0000000000029a8a        0x2 4e714e71
 .text          0x0000000000029a8c       0x2c /Users/davidebucci/Desktop/Synchronized/Vintage/Computing/Atari/ST/brown/lib/gcc/m68k-atariextrabrowner-elf/10.2.0/../../../../m68k-atariextrabrowner-elf/lib/m68000/libc.a(getchar.o)
                0x0000000000029a8c                _getchar_unlocked
                0x0000000000029a8c                _getchar
 .text          0x0000000000029ab8      0xbb4 /Users/davidebucci/Desktop/Synchronized/Vintage/Computing/Atari/ST/brown/lib/gcc/m68k-atariextrabrowner-elf/10.2.0/../../../../m68k-atariextrabrowner-elf/lib/m68000/libc.a(internals.o)
                0x0000000000029c08                ___stdio_check_funcs
                0x0000000000029ca4                ___stdio_check_offset
                0x000000000002a2f6                ___flshfp
                0x000000000002a488                ___fillbf
                0x000000000002a644                ___invalidate
 .text          0x000000000002a66c       0x76 /Users/davidebucci/Desktop/Synchronized/Vintage/Computing/Atari/ST/brown/lib/gcc/m68k-atariextrabrowner-elf/10.2.0/../../../../m68k-atariextrabrowner-elf/lib/m68000/libc.a(newstream.o)
                0x000000000002a66c                ___newstream
 *fill*         0x000000000002a6e2        0x2 4e714e71
 .text          0x000000000002a6e4      0x118 /Users/davidebucci/Desktop/Synchronized/Vintage/Computing/Atari/ST/brown/lib/gcc/m68k-atariextrabrowner-elf/10.2.0/../../../../m68k-atariextrabrowner-elf/lib/m68000/libc.a(setvbuf.o)
                0x000000000002a6e4                _setvbuf
 .text          0x000000000002a7fc       0x84 /Users/davidebucci/Desktop/Synchronized/Vintage/Computing/Atari/ST/brown/lib/gcc/m68k-atariextrabrowner-elf/10.2.0/../../../../m68k-atariextrabrowner-elf/lib/m68000/libc.a(stdio_init.o)
                0x000000000002a7fc                ___stdio_init_stream
 .text          0x000000000002a880      0x398 /Users/davidebucci/Desktop/Synchronized/Vintage/Computing/Atari/ST/brown/lib/gcc/m68k-atariextrabrowner-elf/10.2.0/../../../../m68k-atariextrabrowner-elf/lib/m68000/libc.a(sysd-stdio.o)
                0x000000000002a880                ___stdio_close
                0x000000000002a886                ___stdio_read
                0x000000000002a88c                ___stdio_text_read
                0x000000000002a994                ___stdio_write
                0x000000000002a9e2                ___stdio_text_write
                0x000000000002aad0                ___stdio_seek
                0x000000000002aafc                ___stdio_fileno
                0x000000000002ab02                ___stdio_open
                0x000000000002ab84                ___stdio_reopen
 .text          0x000000000002ac18       0x16 /Users/davidebucci/Desktop/Synchronized/Vintage/Computing/Atari/ST/brown/lib/gcc/m68k-atariextrabrowner-elf/10.2.0/../../../../m68k-atariextrabrowner-elf/lib/m68000/libc.a(atoi.o)
                0x000000000002ac18                _atoi
 *fill*         0x000000000002ac2e        0x2 4e714e71
 .text          0x000000000002ac30       0x38 /Users/davidebucci/Desktop/Synchronized/Vintage/Computing/Atari/ST/brown/lib/gcc/m68k-atariextrabrowner-elf/10.2.0/../../../../m68k-atariextrabrowner-elf/lib/m68000/libc.a(exit.o)
                0x000000000002ac30                ___exit
                0x000000000002ac30                _exit
 .text          0x000000000002ac68       0x7a /Users/davidebucci/Desktop/Synchronized/Vintage/Computing/Atari/ST/brown/lib/gcc/m68k-atariextrabrowner-elf/10.2.0/../../../../m68k-atariextrabrowner-elf/lib/m68000/libc.a(rand.o)
                0x000000000002ac68                _srand
                0x000000000002ac72                _rand
 *fill*         0x000000000002ace2        0x2 4e714e71
 .text          0x000000000002ace4      0x330 /Users/davidebucci/Desktop/Synchronized/Vintage/Computing/Atari/ST/brown/lib/gcc/m68k-atariextrabrowner-elf/10.2.0/../../../../m68k-atariextrabrowner-elf/lib/m68000/libc.a(strtol.o)
                0x000000000002afc8                ___strtol_internal
                0x000000000002afee                _strtol
 .text          0x000000000002b014      0x1c4 /Users/davidebucci/Desktop/Synchronized/Vintage/Computing/Atari/ST/brown/lib/gcc/m68k-atariextrabrowner-elf/10.2.0/../../../../m68k-atariextrabrowner-elf/lib/m68000/libc.a(bcopy.o)
                0x000000000002b014                _memcpy
                0x000000000002b014                _memmove
                0x000000000002b01e                ___bcopy
                0x000000000002b01e                _bcopy
                0x000000000002b01e                __bcopy
 .text          0x000000000002b1d8       0xa8 /Users/davidebucci/Desktop/Synchronized/Vintage/Computing/Atari/ST/brown/lib/gcc/m68k-atariextrabrowner-elf/10.2.0/../../../../m68k-atariextrabrowner-elf/lib/m68000/libc.a(bzero.o)
                0x000000000002b1d8                _bzero
                0x000000000002b1d8                __bzero
                0x000000000002b1d8                ___bzero
 .text          0x000000000002b280       0x32 /Users/davidebucci/Desktop/Synchronized/Vintage/Computing/Atari/ST/brown/lib/gcc/m68k-atariextrabrowner-elf/10.2.0/../../../../m68k-atariextrabrowner-elf/lib/m68000/libc.a(memccpy.o)
                0x000000000002b280                _memccpy
                0x000000000002b280                ___memccpy
 *fill*         0x000000000002b2b2        0x2 4e714e71
 .text          0x000000000002b2b4       0xaa /Users/davidebucci/Desktop/Synchronized/Vintage/Computing/Atari/ST/brown/lib/gcc/m68k-atariextrabrowner-elf/10.2.0/../../../../m68k-atariextrabrowner-elf/lib/m68000/libc.a(memset.o)
                0x000000000002b2b4                _memset
 *fill*         0x000000000002b35e        0x2 4e714e71
 .text          0x000000000002b360       0x36 /Users/davidebucci/Desktop/Synchronized/Vintage/Computing/Atari/ST/brown/lib/gcc/m68k-atariextrabrowner-elf/10.2.0/../../../../m68k-atariextrabrowner-elf/lib/m68000/libc.a(strcmp.o)
                0x000000000002b360                _strcmp
 *fill*         0x000000000002b396        0x2 4e714e71
 .text          0x000000000002b398       0x18 /Users/davidebucci/Desktop/Synchronized/Vintage/Computing/Atari/ST/brown/lib/gcc/m68k-atariextrabrowner-elf/10.2.0/../../../../m68k-atariextrabrowner-elf/lib/m68000/libc.a(strlen.o)
                0x000000000002b398                _strlen
 .text          0x000000000002b3b0       0x40 /Users/davidebucci/Desktop/Synchronized/Vintage/Computing/Atari/ST/brown/lib/gcc/m68k-atariextrabrowner-elf/10.2.0/../../../../m68k-atariextrabrowner-elf/lib/m68000/libc.a(strncat.o)
                0x000000000002b3b0                _strncat
 .text          0x000000000002b3f0       0x5a /Users/davidebucci/Desktop/Synchronized/Vintage/Computing/Atari/ST/brown/lib/gcc/m68k-atariextrabrowner-elf/10.2.0/../../../../m68k-atariextrabrowner-elf/lib/m68000/libc.a(strncmp.o)
                0x000000000002b3f0                _strncmp
 *fill*         0x000000000002b44a        0x2 4e714e71
 .text          0x000000000002b44c       0x40 /Users/davidebucci/Desktop/Synchronized/Vintage/Computing/Atari/ST/brown/lib/gcc/m68k-atariextrabrowner-elf/10.2.0/../../../../m68k-atariextrabrowner-elf/lib/m68000/libc.a(strncpy.o)
                0x000000000002b44c                _strncpy
 .text          0x000000000002b48c       0x4c /Users/davidebucci/Desktop/Synchronized/Vintage/Computing/Atari/ST/brown/lib/gcc/m68k-atariextrabrowner-elf/10.2.0/../../../../m68k-atariextrabrowner-elf/lib/m68000/libc.a(strrchr.o)
                0x000000000002b48c                _rindex
                0x000000000002b48c                _strrchr
 .text          0x000000000002b4d8       0x58 /Users/davidebucci/Desktop/Synchronized/Vintage/Computing/Atari/ST/brown/lib/gcc/m68k-atariextrabrowner-elf/10.2.0/../../../../m68k-atariextrabrowner-elf/lib/m68000/libc.a(close.o)
                0x000000000002b4d8                ___close
                0x000000000002b4d8                _close
 .text          0x000000000002b530       0xd4 /Users/davidebucci/Desktop/Synchronized/Vintage/Computing/Atari/ST/brown/lib/gcc/m68k-atariextrabrowner-elf/10.2.0/../../../../m68k-atariextrabrowner-elf/lib/m68000/libc.a(dup2.o)
                0x000000000002b530                _dup2
                0x000000000002b530                ___dup2
 .text          0x000000000002b604       0x18 /Users/davidebucci/Desktop/Synchronized/Vintage/Computing/Atari/ST/brown/lib/gcc/m68k-atariextrabrowner-elf/10.2.0/../../../../m68k-atariextrabrowner-elf/lib/m68000/libc.a(fstat.o)
                0x000000000002b604                _fstat
                0x000000000002b604                ___fstat
 .text          0x000000000002b61c       0x4c /Users/davidebucci/Desktop/Synchronized/Vintage/Computing/Atari/ST/brown/lib/gcc/m68k-atariextrabrowner-elf/10.2.0/../../../../m68k-atariextrabrowner-elf/lib/m68000/libc.a(getpagesize.o)
                0x000000000002b61c                ___getpagesize
                0x000000000002b61c                _getpagesize
 .text          0x000000000002b668      0x154 /Users/davidebucci/Desktop/Synchronized/Vintage/Computing/Atari/ST/brown/lib/gcc/m68k-atariextrabrowner-elf/10.2.0/../../../../m68k-atariextrabrowner-elf/lib/m68000/libc.a(lseek.o)
                0x000000000002b668                ___lseek
                0x000000000002b668                _lseek
 .text          0x000000000002b7bc      0x94e /Users/davidebucci/Desktop/Synchronized/Vintage/Computing/Atari/ST/brown/lib/gcc/m68k-atariextrabrowner-elf/10.2.0/../../../../m68k-atariextrabrowner-elf/lib/m68000/libc.a(open.o)
                0x000000000002b862                ___open_v
                0x000000000002c0ee                _open
                0x000000000002c0ee                ___open
 *fill*         0x000000000002c10a        0x2 4e714e71
 .text          0x000000000002c10c      0x430 /Users/davidebucci/Desktop/Synchronized/Vintage/Computing/Atari/ST/brown/lib/gcc/m68k-atariextrabrowner-elf/10.2.0/../../../../m68k-atariextrabrowner-elf/lib/m68000/libc.a(read.o)
                0x000000000002c10c                _read
                0x000000000002c10c                ___read
 .text          0x000000000002c53c       0x82 /Users/davidebucci/Desktop/Synchronized/Vintage/Computing/Atari/ST/brown/lib/gcc/m68k-atariextrabrowner-elf/10.2.0/../../../../m68k-atariextrabrowner-elf/lib/m68000/libc.a(sbrk.o)
                0x000000000002c53c                _sbrk
                0x000000000002c53c                ___sbrk
 *fill*         0x000000000002c5be        0x2 4e714e71
 .text          0x000000000002c5c0       0x4c /Users/davidebucci/Desktop/Synchronized/Vintage/Computing/Atari/ST/brown/lib/gcc/m68k-atariextrabrowner-elf/10.2.0/../../../../m68k-atariextrabrowner-elf/lib/m68000/libc.a(sysctl.o)
                0x000000000002c5c0                ___sysctl
                0x000000000002c5c0                _sysctl
 .text          0x000000000002c60c      0x178 /Users/davidebucci/Desktop/Synchronized/Vintage/Computing/Atari/ST/brown/lib/gcc/m68k-atariextrabrowner-elf/10.2.0/../../../../m68k-atariextrabrowner-elf/lib/m68000/libc.a(write.o)
                0x000000000002c60c                _write
                0x000000000002c60c                ___write
 .text          0x000000000002c784        0x0 /Users/davidebucci/Desktop/Synchronized/Vintage/Computing/Atari/ST/brown/lib/gcc/m68k-atariextrabrowner-elf/10.2.0/../../../../m68k-atariextrabrowner-elf/lib/m68000/libc.a(ident_sock.o)
 .text          0x000000000002c784      0x17c /Users/davidebucci/Desktop/Synchronized/Vintage/Computing/Atari/ST/brown/lib/gcc/m68k-atariextrabrowner-elf/10.2.0/../../../../m68k-atariextrabrowner-elf/lib/m68000/libc.a(assert.o)
                0x000000000002c784                ___assert_fail
 .text          0x000000000002c900       0x8e /Users/davidebucci/Desktop/Synchronized/Vintage/Computing/Atari/ST/brown/lib/gcc/m68k-atariextrabrowner-elf/10.2.0/../../../../m68k-atariextrabrowner-elf/lib/m68000/libc.a(console.o)
                0x000000000002c900                __console_read_byte
                0x000000000002c960                __console_write_byte
 *fill*         0x000000000002c98e        0x2 4e714e71
 .text          0x000000000002c990      0x1b4 /Users/davidebucci/Desktop/Synchronized/Vintage/Computing/Atari/ST/brown/lib/gcc/m68k-atariextrabrowner-elf/10.2.0/../../../../m68k-atariextrabrowner-elf/lib/m68000/libc.a(ctype.o)
                0x000000000002c990                _isalnum
                0x000000000002c9b0                _isalpha
                0x000000000002c9d0                _isascii
                0x000000000002c9e0                _toascii
                0x000000000002c9e8                _iscntrl
                0x000000000002ca1c                _isdigit
                0x000000000002ca3c                _isgraph
                0x000000000002ca5e                _islower
                0x000000000002ca80                _isprint
                0x000000000002caa2                _ispunct
                0x000000000002cac2                _isspace
                0x000000000002cae2                _isupper
                0x000000000002cb02                _isxdigit
                0x000000000002cb22                ___isblank
                0x000000000002cb22                _isblank
 .text          0x000000000002cb44      0x448 /Users/davidebucci/Desktop/Synchronized/Vintage/Computing/Atari/ST/brown/lib/gcc/m68k-atariextrabrowner-elf/10.2.0/../../../../m68k-atariextrabrowner-elf/lib/m68000/libc.a(do_fstat.o)
                0x000000000002cb44                ___sys_fstat
                0x000000000002cca8                ___do_fstat
 .text          0x000000000002cf8c      0x134 /Users/davidebucci/Desktop/Synchronized/Vintage/Computing/Atari/ST/brown/lib/gcc/m68k-atariextrabrowner-elf/10.2.0/../../../../m68k-atariextrabrowner-elf/lib/m68000/libc.a(enoent.o)
                0x000000000002cf8c                __enoent
 .text          0x000000000002d0c0       0x7e /Users/davidebucci/Desktop/Synchronized/Vintage/Computing/Atari/ST/brown/lib/gcc/m68k-atariextrabrowner-elf/10.2.0/../../../../m68k-atariextrabrowner-elf/lib/m68000/libc.a(getcookie.o)
                0x000000000002d0c0                _Getcookie
 *fill*         0x000000000002d13e        0x2 4e714e71
 .text          0x000000000002d140       0x60 /Users/davidebucci/Desktop/Synchronized/Vintage/Computing/Atari/ST/brown/lib/gcc/m68k-atariextrabrowner-elf/10.2.0/../../../../m68k-atariextrabrowner-elf/lib/m68000/libc.a(getsysvar.o)
                0x000000000002d140                _get_sysvar
 .text          0x000000000002d1a0        0x0 /Users/davidebucci/Desktop/Synchronized/Vintage/Computing/Atari/ST/brown/lib/gcc/m68k-atariextrabrowner-elf/10.2.0/../../../../m68k-atariextrabrowner-elf/lib/m68000/libc.a(inode.o)
 .text          0x000000000002d1a0      0x112 /Users/davidebucci/Desktop/Synchronized/Vintage/Computing/Atari/ST/brown/lib/gcc/m68k-atariextrabrowner-elf/10.2.0/../../../../m68k-atariextrabrowner-elf/lib/m68000/libc.a(isatty.o)
                0x000000000002d1a0                ___isatty
                0x000000000002d1a0                _isatty
 *fill*         0x000000000002d2b2        0x2 4e714e71
 .text          0x000000000002d2b4       0xb2 /Users/davidebucci/Desktop/Synchronized/Vintage/Computing/Atari/ST/brown/lib/gcc/m68k-atariextrabrowner-elf/10.2.0/../../../../m68k-atariextrabrowner-elf/lib/m68000/libc.a(isctty.o)
                0x000000000002d2b4                __isctty
 *fill*         0x000000000002d366        0x2 4e714e71
 .text          0x000000000002d368       0x1a /Users/davidebucci/Desktop/Synchronized/Vintage/Computing/Atari/ST/brown/lib/gcc/m68k-atariextrabrowner-elf/10.2.0/../../../../m68k-atariextrabrowner-elf/lib/m68000/libc.a(libc_exit.o)
                0x000000000002d368                __exit
                0x000000000002d368                ___libc_exit
 *fill*         0x000000000002d382        0x2 4e714e71
 .text          0x000000000002d384      0x57e /Users/davidebucci/Desktop/Synchronized/Vintage/Computing/Atari/ST/brown/lib/gcc/m68k-atariextrabrowner-elf/10.2.0/../../../../m68k-atariextrabrowner-elf/lib/m68000/libc.a(quickstat.o)
                0x000000000002d384                ___quickstat
 *fill*         0x000000000002d902        0x2 4e714e71
 .text          0x000000000002d904       0x4c /Users/davidebucci/Desktop/Synchronized/Vintage/Computing/Atari/ST/brown/lib/gcc/m68k-atariextrabrowner-elf/10.2.0/../../../../m68k-atariextrabrowner-elf/lib/m68000/libc.a(toxxx.o)
                0x000000000002d904                __toupper
                0x000000000002d904                _toupper
                0x000000000002d92a                __tolower
                0x000000000002d92a                _tolower
 .text          0x000000000002d950       0x72 /Users/davidebucci/Desktop/Synchronized/Vintage/Computing/Atari/ST/brown/lib/gcc/m68k-atariextrabrowner-elf/10.2.0/../../../../m68k-atariextrabrowner-elf/lib/m68000/libc.a(unixtime.o)
                0x000000000002d950                ___unixtime
 *fill*         0x000000000002d9c2        0x2 4e714e71
 .text          0x000000000002d9c4       0x16 /Users/davidebucci/Desktop/Synchronized/Vintage/Computing/Atari/ST/brown/lib/gcc/m68k-atariextrabrowner-elf/10.2.0/../../../../m68k-atariextrabrowner-elf/lib/m68000/libc.a(raise.o)
                0x000000000002d9c4                _gsignal
                0x000000000002d9c4                _raise
 *fill*         0x000000000002d9da        0x2 4e714e71
 .text          0x000000000002d9dc       0x5c /Users/davidebucci/Desktop/Synchronized/Vintage/Computing/Atari/ST/brown/lib/gcc/m68k-atariextrabrowner-elf/10.2.0/../../../../m68k-atariextrabrowner-elf/lib/m68000/libc.a(fcloseall.o)
                0x000000000002d9dc                _fcloseall
                0x000000000002d9dc                ___fcloseall
 .text          0x000000000002da38       0xce /Users/davidebucci/Desktop/Synchronized/Vintage/Computing/Atari/ST/brown/lib/gcc/m68k-atariextrabrowner-elf/10.2.0/../../../../m68k-atariextrabrowner-elf/lib/m68000/libc.a(fflush.o)
                0x000000000002da38                _fflush
                0x000000000002da38                _fflush_unlocked
 *fill*         0x000000000002db06        0x2 4e714e71
 .text          0x000000000002db08        0x0 /Users/davidebucci/Desktop/Synchronized/Vintage/Computing/Atari/ST/brown/lib/gcc/m68k-atariextrabrowner-elf/10.2.0/../../../../m68k-atariextrabrowner-elf/lib/m68000/libc.a(itoa-digits.o)
 .text          0x000000000002db08      0x318 /Users/davidebucci/Desktop/Synchronized/Vintage/Computing/Atari/ST/brown/lib/gcc/m68k-atariextrabrowner-elf/10.2.0/../../../../m68k-atariextrabrowner-elf/lib/m68000/libc.a(strtoul.o)
                0x000000000002ddd4                ___strtoul_internal
                0x000000000002ddfa                _strtoul
 .text          0x000000000002de20       0x1c /Users/davidebucci/Desktop/Synchronized/Vintage/Computing/Atari/ST/brown/lib/gcc/m68k-atariextrabrowner-elf/10.2.0/../../../../m68k-atariextrabrowner-elf/lib/m68000/libc.a(strchr.o)
                0x000000000002de20                _strchr
                0x000000000002de20                _index
                0x000000000002de20                ___strchr
 .text          0x000000000002de3c     0x2c7c /Users/davidebucci/Desktop/Synchronized/Vintage/Computing/Atari/ST/brown/lib/gcc/m68k-atariextrabrowner-elf/10.2.0/../../../../m68k-atariextrabrowner-elf/lib/m68000/libc.a(localtime.o)
                0x00000000000304aa                _tzsetwall
                0x0000000000030554                _tzset
                0x00000000000306c4                _localtime
                0x00000000000306de                _localtime_r
                0x00000000000306f2                _gmtime
                0x000000000003078a                _gmtime_r
                0x000000000003081e                _offtime
                0x00000000000308ba                _ctime
                0x00000000000308e2                _ctime_r
                0x0000000000030908                _mktime
                0x0000000000030920                _timelocal
                0x000000000003094a                _timegm
                0x000000000003096a                _timeoff
                0x000000000003098c                _time2posix
                0x00000000000309ca                _posix2time
 .text          0x0000000000030ab8       0xf2 /Users/davidebucci/Desktop/Synchronized/Vintage/Computing/Atari/ST/brown/lib/gcc/m68k-atariextrabrowner-elf/10.2.0/../../../../m68k-atariextrabrowner-elf/lib/m68000/libc.a(access.o)
                0x0000000000030ab8                _access
                0x0000000000030ab8                ___access
 *fill*         0x0000000000030baa        0x2 4e714e71
 .text          0x0000000000030bac      0x142 /Users/davidebucci/Desktop/Synchronized/Vintage/Computing/Atari/ST/brown/lib/gcc/m68k-atariextrabrowner-elf/10.2.0/../../../../m68k-atariextrabrowner-elf/lib/m68000/libc.a(chmod.o)
                0x0000000000030bac                ___chmod
                0x0000000000030bac                _chmod
 *fill*         0x0000000000030cee        0x2 4e714e71
 .text          0x0000000000030cf0       0x30 /Users/davidebucci/Desktop/Synchronized/Vintage/Computing/Atari/ST/brown/lib/gcc/m68k-atariextrabrowner-elf/10.2.0/../../../../m68k-atariextrabrowner-elf/lib/m68000/libc.a(getegid.o)
                0x0000000000030cf0                _getegid
                0x0000000000030cf0                ___getegid
 .text          0x0000000000030d20       0x30 /Users/davidebucci/Desktop/Synchronized/Vintage/Computing/Atari/ST/brown/lib/gcc/m68k-atariextrabrowner-elf/10.2.0/../../../../m68k-atariextrabrowner-elf/lib/m68000/libc.a(geteuid.o)
                0x0000000000030d20                ___geteuid
                0x0000000000030d20                _geteuid
 .text          0x0000000000030d50       0x2c /Users/davidebucci/Desktop/Synchronized/Vintage/Computing/Atari/ST/brown/lib/gcc/m68k-atariextrabrowner-elf/10.2.0/../../../../m68k-atariextrabrowner-elf/lib/m68000/libc.a(getgid.o)
                0x0000000000030d50                _getgid
                0x0000000000030d50                ___getgid
 .text          0x0000000000030d7c      0x134 /Users/davidebucci/Desktop/Synchronized/Vintage/Computing/Atari/ST/brown/lib/gcc/m68k-atariextrabrowner-elf/10.2.0/../../../../m68k-atariextrabrowner-elf/lib/m68000/libc.a(getgroups.o)
                0x0000000000030d7c                ___getgroups
                0x0000000000030d7c                _getgroups
 .text          0x0000000000030eb0       0x2e /Users/davidebucci/Desktop/Synchronized/Vintage/Computing/Atari/ST/brown/lib/gcc/m68k-atariextrabrowner-elf/10.2.0/../../../../m68k-atariextrabrowner-elf/lib/m68000/libc.a(getpid.o)
                0x0000000000030eb0                _getpid
                0x0000000000030eb0                ___getpid
 *fill*         0x0000000000030ede        0x2 4e714e71
 .text          0x0000000000030ee0       0x26 /Users/davidebucci/Desktop/Synchronized/Vintage/Computing/Atari/ST/brown/lib/gcc/m68k-atariextrabrowner-elf/10.2.0/../../../../m68k-atariextrabrowner-elf/lib/m68000/libc.a(getuid.o)
                0x0000000000030ee0                _getuid
                0x0000000000030ee0                ___getuid
 *fill*         0x0000000000030f06        0x2 4e714e71
 .text          0x0000000000030f08      0x67a /Users/davidebucci/Desktop/Synchronized/Vintage/Computing/Atari/ST/brown/lib/gcc/m68k-atariextrabrowner-elf/10.2.0/../../../../m68k-atariextrabrowner-elf/lib/m68000/libc.a(ioctl.o)
                0x0000000000030f08                ___ioctl
                0x0000000000030f08                _ioctl
 *fill*         0x0000000000031582        0x2 4e714e71
 .text          0x0000000000031584      0x126 /Users/davidebucci/Desktop/Synchronized/Vintage/Computing/Atari/ST/brown/lib/gcc/m68k-atariextrabrowner-elf/10.2.0/../../../../m68k-atariextrabrowner-elf/lib/m68000/libc.a(kill.o)
                0x0000000000031584                ___kill
                0x0000000000031584                _kill
 *fill*         0x00000000000316aa        0x2 4e714e71
 .text          0x00000000000316ac       0x3a /Users/davidebucci/Desktop/Synchronized/Vintage/Computing/Atari/ST/brown/lib/gcc/m68k-atariextrabrowner-elf/10.2.0/../../../../m68k-atariextrabrowner-elf/lib/m68000/libc.a(time.o)
                0x00000000000316ac                ___time
                0x00000000000316ac                _time
 *fill*         0x00000000000316e6        0x2 4e714e71
 .text          0x00000000000316e8        0x0 /Users/davidebucci/Desktop/Synchronized/Vintage/Computing/Atari/ST/brown/lib/gcc/m68k-atariextrabrowner-elf/10.2.0/../../../../m68k-atariextrabrowner-elf/lib/m68000/libc.a(abort.o)
 .text          0x00000000000316e8        0x0 /Users/davidebucci/Desktop/Synchronized/Vintage/Computing/Atari/ST/brown/lib/gcc/m68k-atariextrabrowner-elf/10.2.0/../../../../m68k-atariextrabrowner-elf/lib/m68000/libc.a(alglobal.o)
 .text          0x00000000000316e8       0x3e /Users/davidebucci/Desktop/Synchronized/Vintage/Computing/Atari/ST/brown/lib/gcc/m68k-atariextrabrowner-elf/10.2.0/../../../../m68k-atariextrabrowner-elf/lib/m68000/libc.a(calloc.o)
                0x00000000000316e8                _calloc
                0x00000000000316e8                ___calloc
 *fill*         0x0000000000031726        0x2 4e714e71
 .text          0x0000000000031728      0x7d2 /Users/davidebucci/Desktop/Synchronized/Vintage/Computing/Atari/ST/brown/lib/gcc/m68k-atariextrabrowner-elf/10.2.0/../../../../m68k-atariextrabrowner-elf/lib/m68000/libc.a(do_stat.o)
                0x0000000000031728                ___sys_stat
                0x0000000000031874                ___do_stat
 *fill*         0x0000000000031efa        0x2 4e714e71
 .text          0x0000000000031efc        0x0 /Users/davidebucci/Desktop/Synchronized/Vintage/Computing/Atari/ST/brown/lib/gcc/m68k-atariextrabrowner-elf/10.2.0/../../../../m68k-atariextrabrowner-elf/lib/m68000/libc.a(uidgid.o)
 .text          0x0000000000031efc       0x38 /Users/davidebucci/Desktop/Synchronized/Vintage/Computing/Atari/ST/brown/lib/gcc/m68k-atariextrabrowner-elf/10.2.0/../../../../m68k-atariextrabrowner-elf/lib/m68000/libc.a(getpwuid.o)
                0x0000000000031efc                _getpwuid
 .text          0x0000000000031f34       0x92 /Users/davidebucci/Desktop/Synchronized/Vintage/Computing/Atari/ST/brown/lib/gcc/m68k-atariextrabrowner-elf/10.2.0/../../../../m68k-atariextrabrowner-elf/lib/m68000/libc.a(getpwuid_r.o)
                0x0000000000031f34                _getpwuid_r
                0x0000000000031f34                ___getpwuid_r
 *fill*         0x0000000000031fc6        0x2 4e714e71
 .text          0x0000000000031fc8      0x452 /Users/davidebucci/Desktop/Synchronized/Vintage/Computing/Atari/ST/brown/lib/gcc/m68k-atariextrabrowner-elf/10.2.0/../../../../m68k-atariextrabrowner-elf/lib/m68000/libc.a(grp.o)
                0x00000000000321ac                _setgrent
                0x00000000000321dc                _endgrent
                0x00000000000321f6                _getgrent
                0x000000000003224a                _getgrgid
                0x000000000003230a                _getgrnam
                0x00000000000323e6                _fgetgrent
 *fill*         0x000000000003241a        0x2 4e714e71
 .text          0x000000000003241c       0x2a /Users/davidebucci/Desktop/Synchronized/Vintage/Computing/Atari/ST/brown/lib/gcc/m68k-atariextrabrowner-elf/10.2.0/../../../../m68k-atariextrabrowner-elf/lib/m68000/libc.a(rewind.o)
                0x000000000003241c                _rewind
 *fill*         0x0000000000032446        0x2 4e714e71
 .text          0x0000000000032448      0x1b6 /Users/davidebucci/Desktop/Synchronized/Vintage/Computing/Atari/ST/brown/lib/gcc/m68k-atariextrabrowner-elf/10.2.0/../../../../m68k-atariextrabrowner-elf/lib/m68000/libc.a(asctime.o)
                0x0000000000032448                _asctime_r
                0x00000000000325ec                _asctime
 *fill*         0x00000000000325fe        0x2 4e714e71
 .text          0x0000000000032600     0x1506 /Users/davidebucci/Desktop/Synchronized/Vintage/Computing/Atari/ST/brown/lib/gcc/m68k-atariextrabrowner-elf/10.2.0/../../../../m68k-atariextrabrowner-elf/lib/m68000/libc.a(strftime.o)
                0x00000000000339ba                _strftime
 *fill*         0x0000000000033b06        0x2 4e714e71
 .text          0x0000000000033b08      0x114 /Users/davidebucci/Desktop/Synchronized/Vintage/Computing/Atari/ST/brown/lib/gcc/m68k-atariextrabrowner-elf/10.2.0/../../../../m68k-atariextrabrowner-elf/lib/m68000/libc.a(gettimeofday.o)
                0x0000000000033b08                ___gettimeofday
                0x0000000000033b08                _gettimeofday
 .text          0x0000000000033c1c        0x8 /Users/davidebucci/Desktop/Synchronized/Vintage/Computing/Atari/ST/brown/lib/gcc/m68k-atariextrabrowner-elf/10.2.0/../../../../m68k-atariextrabrowner-elf/lib/m68000/libc.a(setlocale.o)
                0x0000000000033c1c                _setlocale
 .text          0x0000000000033c24      0x428 /Users/davidebucci/Desktop/Synchronized/Vintage/Computing/Atari/ST/brown/lib/gcc/m68k-atariextrabrowner-elf/10.2.0/../../../../m68k-atariextrabrowner-elf/lib/m68000/libc.a(fgetpwent_r.o)
                0x0000000000033c24                ___fgetpwent_r
                0x0000000000033c24                _fgetpwent_r
 .text          0x000000000003404c        0xc /Users/davidebucci/Desktop/Synchronized/Vintage/Computing/Atari/ST/brown/lib/gcc/m68k-atariextrabrowner-elf/10.2.0/../../../../m68k-atariextrabrowner-elf/lib/m68000/libc.a(clearerr.o)
                0x000000000003404c                _clearerr
                0x000000000003404c                _clearerr_unlocked
 .text          0x0000000000034058       0x1e /Users/davidebucci/Desktop/Synchronized/Vintage/Computing/Atari/ST/brown/lib/gcc/m68k-atariextrabrowner-elf/10.2.0/../../../../m68k-atariextrabrowner-elf/lib/m68000/libc.a(fprintf.o)
                0x0000000000034058                _fprintf
 *fill*         0x0000000000034076        0x2 4e714e71
 .text          0x0000000000034078       0xa2 /Users/davidebucci/Desktop/Synchronized/Vintage/Computing/Atari/ST/brown/lib/gcc/m68k-atariextrabrowner-elf/10.2.0/../../../../m68k-atariextrabrowner-elf/lib/m68000/libc.a(fputc.o)
                0x0000000000034078                _fputc
                0x0000000000034078                _fputc_unlocked
 *fill*         0x000000000003411a        0x2 4e714e71
 .text          0x000000000003411c      0x192 /Users/davidebucci/Desktop/Synchronized/Vintage/Computing/Atari/ST/brown/lib/gcc/m68k-atariextrabrowner-elf/10.2.0/../../../../m68k-atariextrabrowner-elf/lib/m68000/libc.a(fseek.o)
                0x000000000003411c                _fseek
                0x00000000000342aa                _fseeko
 *fill*         0x00000000000342ae        0x2 4e714e71
 .text          0x00000000000342b0      0x38a /Users/davidebucci/Desktop/Synchronized/Vintage/Computing/Atari/ST/brown/lib/gcc/m68k-atariextrabrowner-elf/10.2.0/../../../../m68k-atariextrabrowner-elf/lib/m68000/libc.a(fwrite.o)
                0x00000000000342b0                _fwrite_unlocked
                0x00000000000342b0                _fwrite
 *fill*         0x000000000003463a        0x2 4e714e71
 .text          0x000000000003463c       0x1e /Users/davidebucci/Desktop/Synchronized/Vintage/Computing/Atari/ST/brown/lib/gcc/m68k-atariextrabrowner-elf/10.2.0/../../../../m68k-atariextrabrowner-elf/lib/m68000/libc.a(sprintf.o)
                0x000000000003463c                _sprintf
 *fill*         0x000000000003465a        0x2 4e714e71
 .text          0x000000000003465c       0xc8 /Users/davidebucci/Desktop/Synchronized/Vintage/Computing/Atari/ST/brown/lib/gcc/m68k-atariextrabrowner-elf/10.2.0/../../../../m68k-atariextrabrowner-elf/lib/m68000/libc.a(ungetc.o)
                0x000000000003465c                _ungetc
 .text          0x0000000000034724     0x3e52 /Users/davidebucci/Desktop/Synchronized/Vintage/Computing/Atari/ST/brown/lib/gcc/m68k-atariextrabrowner-elf/10.2.0/../../../../m68k-atariextrabrowner-elf/lib/m68000/libc.a(vfprintf.o)
                0x0000000000034c76                ___printf_pad
                0x0000000000034cf6                _vfprintf
 *fill*         0x0000000000038576        0x2 4e714e71
 .text          0x0000000000038578       0x6c /Users/davidebucci/Desktop/Synchronized/Vintage/Computing/Atari/ST/brown/lib/gcc/m68k-atariextrabrowner-elf/10.2.0/../../../../m68k-atariextrabrowner-elf/lib/m68000/libc.a(vsprintf.o)
                0x0000000000038578                _vsprintf
 .text          0x00000000000385e4       0x26 /Users/davidebucci/Desktop/Synchronized/Vintage/Computing/Atari/ST/brown/lib/gcc/m68k-atariextrabrowner-elf/10.2.0/../../../../m68k-atariextrabrowner-elf/lib/m68000/libc.a(memchr.o)
                0x00000000000385e4                _memchr
 *fill*         0x000000000003860a        0x2 4e714e71
 .text          0x000000000003860c       0x20 /Users/davidebucci/Desktop/Synchronized/Vintage/Computing/Atari/ST/brown/lib/gcc/m68k-atariextrabrowner-elf/10.2.0/../../../../m68k-atariextrabrowner-elf/lib/m68000/libc.a(mempcpy.o)
                0x000000000003860c                ___mempcpy
                0x000000000003860c                _mempcpy
 .text          0x000000000003862c       0x12 /Users/davidebucci/Desktop/Synchronized/Vintage/Computing/Atari/ST/brown/lib/gcc/m68k-atariextrabrowner-elf/10.2.0/../../../../m68k-atariextrabrowner-elf/lib/m68000/libc.a(strcpy.o)
                0x000000000003862c                _strcpy
 *fill*         0x000000000003863e        0x2 4e714e71
 .text          0x0000000000038640       0x5c /Users/davidebucci/Desktop/Synchronized/Vintage/Computing/Atari/ST/brown/lib/gcc/m68k-atariextrabrowner-elf/10.2.0/../../../../m68k-atariextrabrowner-elf/lib/m68000/libc.a(strerror_r.o)
                0x0000000000038640                _strerror_r
                0x0000000000038640                ___strerror_r
 .text          0x000000000003869c       0x30 /Users/davidebucci/Desktop/Synchronized/Vintage/Computing/Atari/ST/brown/lib/gcc/m68k-atariextrabrowner-elf/10.2.0/../../../../m68k-atariextrabrowner-elf/lib/m68000/libc.a(strnlen.o)
                0x000000000003869c                _strnlen
                0x000000000003869c                ___strnlen
 .text          0x00000000000386cc      0x6b8 /Users/davidebucci/Desktop/Synchronized/Vintage/Computing/Atari/ST/brown/lib/gcc/m68k-atariextrabrowner-elf/10.2.0/../../../../m68k-atariextrabrowner-elf/lib/m68000/libc.a(_itoa.o)
                0x00000000000386cc                __itoa
 .text          0x0000000000038d84        0x8 /Users/davidebucci/Desktop/Synchronized/Vintage/Computing/Atari/ST/brown/lib/gcc/m68k-atariextrabrowner-elf/10.2.0/../../../../m68k-atariextrabrowner-elf/lib/m68000/libc.a(lockfile.o)
                0x0000000000038d84                ___internal_flockfile
                0x0000000000038d84                _flockfile
                0x0000000000038d84                ___flockfile
                0x0000000000038d86                ___funlockfile
                0x0000000000038d86                ___internal_funlockfile
                0x0000000000038d86                _funlockfile
                0x0000000000038d88                _ftrylockfile
                0x0000000000038d88                ___internal_ftrylockfile
                0x0000000000038d88                ___ftrylockfile
 .text          0x0000000000038d8c     0x1a44 /Users/davidebucci/Desktop/Synchronized/Vintage/Computing/Atari/ST/brown/lib/gcc/m68k-atariextrabrowner-elf/10.2.0/../../../../m68k-atariextrabrowner-elf/lib/m68000/libc.a(printf_fp.o)
                0x0000000000038ed8                ___printf_fp
                0x000000000003a784                ___guess_grouping
 .text          0x000000000003a7d0      0xca8 /Users/davidebucci/Desktop/Synchronized/Vintage/Computing/Atari/ST/brown/lib/gcc/m68k-atariextrabrowner-elf/10.2.0/../../../../m68k-atariextrabrowner-elf/lib/m68000/libc.a(printf_fphex.o)
                0x000000000003a7d0                ___printf_fphex
 .text          0x000000000003b478       0x42 /Users/davidebucci/Desktop/Synchronized/Vintage/Computing/Atari/ST/brown/lib/gcc/m68k-atariextrabrowner-elf/10.2.0/../../../../m68k-atariextrabrowner-elf/lib/m68000/libc.a(reg-printf.o)
                0x000000000003b478                _register_printf_function
                0x000000000003b478                ___register_printf_function
 *fill*         0x000000000003b4ba        0x2 4e714e71
 .text          0x000000000003b4bc        0x0 /Users/davidebucci/Desktop/Synchronized/Vintage/Computing/Atari/ST/brown/lib/gcc/m68k-atariextrabrowner-elf/10.2.0/../../../../m68k-atariextrabrowner-elf/lib/m68000/libc.a(fpioconst.o)
 .text          0x000000000003b4bc      0x13a /Users/davidebucci/Desktop/Synchronized/Vintage/Computing/Atari/ST/brown/lib/gcc/m68k-atariextrabrowner-elf/10.2.0/../../../../m68k-atariextrabrowner-elf/lib/m68000/libc.a(strerror.o)
                0x000000000003b4bc                _strerror
 *fill*         0x000000000003b5f6        0x2 4e714e71
 .text          0x000000000003b5f8      0x1dc /Users/davidebucci/Desktop/Synchronized/Vintage/Computing/Atari/ST/brown/lib/gcc/m68k-atariextrabrowner-elf/10.2.0/../../../../m68k-atariextrabrowner-elf/lib/m68000/libc.a(dbl2mpn.o)
                0x000000000003b5f8                ___mpn_extract_double
 .text          0x000000000003b7d4      0x200 /Users/davidebucci/Desktop/Synchronized/Vintage/Computing/Atari/ST/brown/lib/gcc/m68k-atariextrabrowner-elf/10.2.0/../../../../m68k-atariextrabrowner-elf/lib/m68000/libc.a(ldbl2mpn.o)
                0x000000000003b7d4                ___mpn_extract_long_double
 .text          0x000000000003b9d4        0x0 /Users/davidebucci/Desktop/Synchronized/Vintage/Computing/Atari/ST/brown/lib/gcc/m68k-atariextrabrowner-elf/10.2.0/../../../../m68k-atariextrabrowner-elf/lib/m68000/libc.a(mp_clz_tab.o)
 .text          0x000000000003b9d4       0x42 /Users/davidebucci/Desktop/Synchronized/Vintage/Computing/Atari/ST/brown/lib/gcc/m68k-atariextrabrowner-elf/10.2.0/../../../../m68k-atariextrabrowner-elf/lib/m68000/libc.a(mpn-cmp.o)
                0x000000000003b9d4                ___mpn_cmp
 *fill*         0x000000000003ba16        0x2 4e714e71
 .text          0x000000000003ba18      0x782 /Users/davidebucci/Desktop/Synchronized/Vintage/Computing/Atari/ST/brown/lib/gcc/m68k-atariextrabrowner-elf/10.2.0/../../../../m68k-atariextrabrowner-elf/lib/m68000/libc.a(mpn-divrem.o)
                0x000000000003ba18                ___mpn_divrem
 *fill*         0x000000000003c19a        0x2 4e714e71
 .text          0x000000000003c19c       0x5c /Users/davidebucci/Desktop/Synchronized/Vintage/Computing/Atari/ST/brown/lib/gcc/m68k-atariextrabrowner-elf/10.2.0/../../../../m68k-atariextrabrowner-elf/lib/m68000/libc.a(mpn-lshift.o)
                0x000000000003c19c                ___mpn_lshift
 .text          0x000000000003c1f8      0x2ce /Users/davidebucci/Desktop/Synchronized/Vintage/Computing/Atari/ST/brown/lib/gcc/m68k-atariextrabrowner-elf/10.2.0/../../../../m68k-atariextrabrowner-elf/lib/m68000/libc.a(mpn-mul.o)
                0x000000000003c1f8                ___mpn_mul
 *fill*         0x000000000003c4c6        0x2 4e714e71
 .text          0x000000000003c4c8       0x6a /Users/davidebucci/Desktop/Synchronized/Vintage/Computing/Atari/ST/brown/lib/gcc/m68k-atariextrabrowner-elf/10.2.0/../../../../m68k-atariextrabrowner-elf/lib/m68000/libc.a(mpn-mul_1.o)
                0x000000000003c4c8                ___mpn_mul_1
 *fill*         0x000000000003c532        0x2 4e714e71
 .text          0x000000000003c534      0x982 /Users/davidebucci/Desktop/Synchronized/Vintage/Computing/Atari/ST/brown/lib/gcc/m68k-atariextrabrowner-elf/10.2.0/../../../../m68k-atariextrabrowner-elf/lib/m68000/libc.a(mpn-mul_n.o)
                0x000000000003c534                ___mpn_impn_mul_n_basecase
                0x000000000003c630                ___mpn_impn_mul_n
                0x000000000003c9d4                ___mpn_impn_sqr_n_basecase
                0x000000000003caca                ___mpn_impn_sqr_n
                0x000000000003ce22                ___mpn_mul_n
 *fill*         0x000000000003ceb6        0x2 4e714e71
 .text          0x000000000003ceb8       0x54 /Users/davidebucci/Desktop/Synchronized/Vintage/Computing/Atari/ST/brown/lib/gcc/m68k-atariextrabrowner-elf/10.2.0/../../../../m68k-atariextrabrowner-elf/lib/m68000/libc.a(mpn-rshift.o)
                0x000000000003ceb8                ___mpn_rshift
 .text          0x000000000003cf0c       0x54 /Users/davidebucci/Desktop/Synchronized/Vintage/Computing/Atari/ST/brown/lib/gcc/m68k-atariextrabrowner-elf/10.2.0/../../../../m68k-atariextrabrowner-elf/lib/m68000/libc.a(mpn-sub_n.o)
                0x000000000003cf0c                ___mpn_sub_n
 .text          0x000000000003cf60       0x7a /Users/davidebucci/Desktop/Synchronized/Vintage/Computing/Atari/ST/brown/lib/gcc/m68k-atariextrabrowner-elf/10.2.0/../../../../m68k-atariextrabrowner-elf/lib/m68000/libc.a(mpn-submul_1.o)
                0x000000000003cf60                ___mpn_submul_1
 *fill*         0x000000000003cfda        0x2 4e714e71
 .text          0x000000000003cfdc       0x2e /Users/davidebucci/Desktop/Synchronized/Vintage/Computing/Atari/ST/brown/lib/gcc/m68k-atariextrabrowner-elf/10.2.0/../../../../m68k-atariextrabrowner-elf/lib/m68000/libc.a(s_isinf.o)
                0x000000000003cfdc                _isinf
                0x000000000003cfdc                ___isinf
 *fill*         0x000000000003d00a        0x2 4e714e71
 .text          0x000000000003d00c       0x72 /Users/davidebucci/Desktop/Synchronized/Vintage/Computing/Atari/ST/brown/lib/gcc/m68k-atariextrabrowner-elf/10.2.0/../../../../m68k-atariextrabrowner-elf/lib/m68000/libc.a(s_isinfl.o)
                0x000000000003d00c                ___isinfl
                0x000000000003d00c                _isinfl
 *fill*         0x000000000003d07e        0x2 4e714e71
 .text          0x000000000003d080       0x28 /Users/davidebucci/Desktop/Synchronized/Vintage/Computing/Atari/ST/brown/lib/gcc/m68k-atariextrabrowner-elf/10.2.0/../../../../m68k-atariextrabrowner-elf/lib/m68000/libc.a(s_isnan.o)
                0x000000000003d080                _isnan
                0x000000000003d080                ___isnan
 .text          0x000000000003d0a8       0x6e /Users/davidebucci/Desktop/Synchronized/Vintage/Computing/Atari/ST/brown/lib/gcc/m68k-atariextrabrowner-elf/10.2.0/../../../../m68k-atariextrabrowner-elf/lib/m68000/libc.a(s_isnanl.o)
                0x000000000003d0a8                ___isnanl
                0x000000000003d0a8                _isnanl
 *fill*         0x000000000003d116        0x2 4e714e71
 .text          0x000000000003d118        0xc /Users/davidebucci/Desktop/Synchronized/Vintage/Computing/Atari/ST/brown/lib/gcc/m68k-atariextrabrowner-elf/10.2.0/../../../../m68k-atariextrabrowner-elf/lib/m68000/libc.a(s_signbit.o)
                0x000000000003d118                ___signbit
                0x000000000003d118                _signbit
 .text          0x000000000003d124       0x22 /Users/davidebucci/Desktop/Synchronized/Vintage/Computing/Atari/ST/brown/lib/gcc/m68k-atariextrabrowner-elf/10.2.0/../../../../m68k-atariextrabrowner-elf/lib/m68000/libc.a(s_signbitl.o)
                0x000000000003d124                ___signbitl
                0x000000000003d124                _signbitl
 *fill*         0x000000000003d146        0x2 4e714e71
 .text          0x000000000003d148       0x22 /Users/davidebucci/Desktop/Synchronized/Vintage/Computing/Atari/ST/brown/lib/gcc/m68k-atariextrabrowner-elf/10.2.0/../../../../m68k-atariextrabrowner-elf/lib/m68000/libc.a(snprintf.o)
                0x000000000003d148                ___snprintf
                0x000000000003d148                _snprintf
 *fill*         0x000000000003d16a        0x2 4e714e71
 .text          0x000000000003d16c       0xc2 /Users/davidebucci/Desktop/Synchronized/Vintage/Computing/Atari/ST/brown/lib/gcc/m68k-atariextrabrowner-elf/10.2.0/../../../../m68k-atariextrabrowner-elf/lib/m68000/libc.a(vsnprintf.o)
                0x000000000003d184                _vsnprintf
                0x000000000003d184                ___vsnprintf
 *fill*         0x000000000003d22e        0x2 4e714e71
 .text          0x000000000003d230       0x52 /Users/davidebucci/Desktop/Synchronized/Vintage/Computing/Atari/ST/brown/lib/gcc/m68k-atariextrabrowner-elf/10.2.0/../../../../m68k-atariextrabrowner-elf/lib/m68000/libc.a(mpn-add_n.o)
                0x000000000003d230                ___mpn_add_n
 *fill*         0x000000000003d282        0x2 4e714e71
 .text          0x000000000003d284       0x78 /Users/davidebucci/Desktop/Synchronized/Vintage/Computing/Atari/ST/brown/lib/gcc/m68k-atariextrabrowner-elf/10.2.0/../../../../m68k-atariextrabrowner-elf/lib/m68000/libc.a(mpn-addmul_1.o)
                0x000000000003d284                ___mpn_addmul_1
 .text          0x000000000003d2fc       0x7e /Users/davidebucci/Desktop/Synchronized/Vintage/Computing/Atari/ST/brown/lib/gcc/m68k-atariextrabrowner-elf/10.2.0/../../../../m68k-atariextrabrowner-elf/lib/m68000/libc.a(fputs.o)
                0x000000000003d2fc                _fputs
                0x000000000003d2fc                _fputs_unlocked
 *fill*         0x000000000003d37a        0x2 4e714e71
 .text          0x000000000003d37c       0x22 /Users/davidebucci/Desktop/Synchronized/Vintage/Computing/Atari/ST/brown//lib/gcc/m68k-atariextrabrowner-elf/10.2.0/m68000/libgcc.a(_mulsi3.o)
                0x000000000003d37c                ___mulsi3
 *fill*         0x000000000003d39e        0x2 4e714e71
 .text          0x000000000003d3a0       0x5c /Users/davidebucci/Desktop/Synchronized/Vintage/Computing/Atari/ST/brown//lib/gcc/m68k-atariextrabrowner-elf/10.2.0/m68000/libgcc.a(_udivsi3.o)
                0x000000000003d3a0                ___udivsi3
 .text          0x000000000003d3fc       0x2e /Users/davidebucci/Desktop/Synchronized/Vintage/Computing/Atari/ST/brown//lib/gcc/m68k-atariextrabrowner-elf/10.2.0/m68000/libgcc.a(_divsi3.o)
                0x000000000003d3fc                ___divsi3
 *fill*         0x000000000003d42a        0x2 4e714e71
 .text          0x000000000003d42c       0x2e /Users/davidebucci/Desktop/Synchronized/Vintage/Computing/Atari/ST/brown//lib/gcc/m68k-atariextrabrowner-elf/10.2.0/m68000/libgcc.a(_umodsi3.o)
                0x000000000003d42c                ___umodsi3
 *fill*         0x000000000003d45a        0x2 4e714e71
 .text          0x000000000003d45c       0x2e /Users/davidebucci/Desktop/Synchronized/Vintage/Computing/Atari/ST/brown//lib/gcc/m68k-atariextrabrowner-elf/10.2.0/m68000/libgcc.a(_modsi3.o)
                0x000000000003d45c                ___modsi3
 *fill*         0x000000000003d48a        0x2 4e714e71
 .text          0x000000000003d48c      0x9cc /Users/davidebucci/Desktop/Synchronized/Vintage/Computing/Atari/ST/brown//lib/gcc/m68k-atariextrabrowner-elf/10.2.0/m68000/libgcc.a(_double.o)
                0x000000000003d4e6                ___subdf3
                0x000000000003d4ec                ___adddf3
                0x000000000003d882                ___muldf3
                0x000000000003da30                ___divdf3
                0x000000000003dca4                ___negdf2
                0x000000000003dd02                ___cmpdf2_internal
                0x000000000003ddd2                ___cmpdf2
 .text          0x000000000003de58       0x6a /Users/davidebucci/Desktop/Synchronized/Vintage/Computing/Atari/ST/brown//lib/gcc/m68k-atariextrabrowner-elf/10.2.0/m68000/libgcc.a(_floatex.o)
                0x000000000003de58                ___clear_sticky_bit
                0x000000000003de66                $_exception_handler
 *fill*         0x000000000003dec2        0x2 4e714e71
 .text          0x000000000003dec4       0x22 /Users/davidebucci/Desktop/Synchronized/Vintage/Computing/Atari/ST/brown//lib/gcc/m68k-atariextrabrowner-elf/10.2.0/m68000/libgcc.a(_ltdf2.o)
                0x000000000003dec4                ___ltdf2
 *fill*         0x000000000003dee6        0x2 4e714e71
 .text          0x000000000003dee8      0x530 /Users/davidebucci/Desktop/Synchronized/Vintage/Computing/Atari/ST/brown//lib/gcc/m68k-atariextrabrowner-elf/10.2.0/m68000/libgcc.a(fpgnulib.o)
                0x000000000003df96                ___unordsf2
                0x000000000003dfec                ___unorddf2
                0x000000000003e05c                ___floatunsidf
                0x000000000003e0d2                ___floatsidf
                0x000000000003e0e2                ___floatunsisf
                0x000000000003e15c                ___floatsisf
                0x000000000003e178                ___extendsfdf2
                0x000000000003e1ec                ___truncdfsf2
                0x000000000003e2f4                ___fixdfsi
                0x000000000003e384                ___fixsfsi
 .text          0x000000000003e418      0x912 /Users/davidebucci/Desktop/Synchronized/Vintage/Computing/Atari/ST/brown//lib/gcc/m68k-atariextrabrowner-elf/10.2.0/m68000/libgcc.a(xfgnulib.o)
                0x000000000003e418                ___unordxf2
                0x000000000003e4ec                ___extenddfxf2
                0x000000000003e59e                ___truncxfdf2
                0x000000000003e682                ___extendsfxf2
                0x000000000003e73c                ___truncxfsf2
                0x000000000003e83a                ___floatsixf
                0x000000000003e880                ___floatunsixf
                0x000000000003e8c6                ___fixxfsi
                0x000000000003e8e8                ___addxf3
                0x000000000003e95e                ___subxf3
                0x000000000003e9d4                ___mulxf3
                0x000000000003ea4a                ___divxf3
                0x000000000003eac0                ___negxf2
                0x000000000003eb16                ___cmpxf2
                0x000000000003eb62                ___eqxf2
                0x000000000003ebae                ___nexf2
                0x000000000003ebfa                ___ltxf2
                0x000000000003ec46                ___lexf2
                0x000000000003ec92                ___gtxf2
                0x000000000003ecde                ___gexf2
 *fill*         0x000000000003ed2a        0x2 4e714e71
 .text          0x000000000003ed2c       0x24 /Users/davidebucci/Desktop/Synchronized/Vintage/Computing/Atari/ST/brown/lib/gcc/m68k-atariextrabrowner-elf/10.2.0/m68000/crtend.o
 *(.gnu.warning)

.fini           0x000000000003ed50        0x6
 *(SORT_NONE(.fini))
 .fini          0x000000000003ed50        0x6 /Users/davidebucci/Desktop/Synchronized/Vintage/Computing/Atari/ST/brown/lib/gcc/m68k-atariextrabrowner-elf/10.2.0/m68000/crtbegin.o
                [!provide]                        PROVIDE (__etext = .)
                0x000000000003ed56                PROVIDE (_etext = .)
                [!provide]                        PROVIDE (etext = .)

.rodata         0x000000000003ed56     0x836c
 *(.rodata .rodata.* .gnu.linkonce.r.*)
 .rodata.writesameln.constprop.0.str1.1
                0x000000000003ed56      0xcb1 /var/folders/sk/pxzc9l1n12xfhw7mpgdgdkdc0000gn/T//tdttr40.elf.LVtvPN.ltrans0.ltrans.o
                                          0x2 (size before relaxing)
 .rodata.writesameln.constprop.1.str1.1
                0x000000000003ed56      0xcb1 /var/folders/sk/pxzc9l1n12xfhw7mpgdgdkdc0000gn/T//tdttr40.elf.LVtvPN.ltrans0.ltrans.o
                                          0x2 (size before relaxing)
 .rodata.loadgame.constprop.0.str1.1
                0x000000000003ed56       0x59 /var/folders/sk/pxzc9l1n12xfhw7mpgdgdkdc0000gn/T//tdttr40.elf.LVtvPN.ltrans0.ltrans.o
                                         0x5b (size before relaxing)
 .rodata.game_cycle.str1.1
                0x000000000003edaf       0x46 /var/folders/sk/pxzc9l1n12xfhw7mpgdgdkdc0000gn/T//tdttr40.elf.LVtvPN.ltrans0.ltrans.o
                                         0x48 (size before relaxing)
 .rodata.short_d100
                0x000000000003edf5        0x8 /var/folders/sk/pxzc9l1n12xfhw7mpgdgdkdc0000gn/T//tdttr40.elf.LVtvPN.ltrans0.ltrans.o
 .rodata.long_d100
                0x000000000003edfd      0x113 /var/folders/sk/pxzc9l1n12xfhw7mpgdgdkdc0000gn/T//tdttr40.elf.LVtvPN.ltrans0.ltrans.o
 .rodata.short_d64
                0x000000000003ef10        0xa /var/folders/sk/pxzc9l1n12xfhw7mpgdgdkdc0000gn/T//tdttr40.elf.LVtvPN.ltrans0.ltrans.o
 .rodata.long_d64
                0x000000000003ef1a       0x6a /var/folders/sk/pxzc9l1n12xfhw7mpgdgdkdc0000gn/T//tdttr40.elf.LVtvPN.ltrans0.ltrans.o
 .rodata.short_d63
                0x000000000003ef84        0x5 /var/folders/sk/pxzc9l1n12xfhw7mpgdgdkdc0000gn/T//tdttr40.elf.LVtvPN.ltrans0.ltrans.o
 .rodata.long_d63
                0x000000000003ef89       0x10 /var/folders/sk/pxzc9l1n12xfhw7mpgdgdkdc0000gn/T//tdttr40.elf.LVtvPN.ltrans0.ltrans.o
 .rodata.short_d62
                0x000000000003ef99        0x8 /var/folders/sk/pxzc9l1n12xfhw7mpgdgdkdc0000gn/T//tdttr40.elf.LVtvPN.ltrans0.ltrans.o
 .rodata.long_d62
                0x000000000003efa1       0x2a /var/folders/sk/pxzc9l1n12xfhw7mpgdgdkdc0000gn/T//tdttr40.elf.LVtvPN.ltrans0.ltrans.o
 .rodata.short_d61
                0x000000000003efcb        0x6 /var/folders/sk/pxzc9l1n12xfhw7mpgdgdkdc0000gn/T//tdttr40.elf.LVtvPN.ltrans0.ltrans.o
 .rodata.long_d61
                0x000000000003efd1       0x5a /var/folders/sk/pxzc9l1n12xfhw7mpgdgdkdc0000gn/T//tdttr40.elf.LVtvPN.ltrans0.ltrans.o
 .rodata.short_d60
                0x000000000003f02b        0x7 /var/folders/sk/pxzc9l1n12xfhw7mpgdgdkdc0000gn/T//tdttr40.elf.LVtvPN.ltrans0.ltrans.o
 .rodata.long_d60
                0x000000000003f032       0x3d /var/folders/sk/pxzc9l1n12xfhw7mpgdgdkdc0000gn/T//tdttr40.elf.LVtvPN.ltrans0.ltrans.o
 .rodata.short_d59
                0x000000000003f06f        0x9 /var/folders/sk/pxzc9l1n12xfhw7mpgdgdkdc0000gn/T//tdttr40.elf.LVtvPN.ltrans0.ltrans.o
 .rodata.long_d59
                0x000000000003f078       0x4e /var/folders/sk/pxzc9l1n12xfhw7mpgdgdkdc0000gn/T//tdttr40.elf.LVtvPN.ltrans0.ltrans.o
 .rodata.short_d58
                0x000000000003f0c6        0x8 /var/folders/sk/pxzc9l1n12xfhw7mpgdgdkdc0000gn/T//tdttr40.elf.LVtvPN.ltrans0.ltrans.o
 .rodata.long_d58
                0x000000000003f0ce       0x66 /var/folders/sk/pxzc9l1n12xfhw7mpgdgdkdc0000gn/T//tdttr40.elf.LVtvPN.ltrans0.ltrans.o
 .rodata.short_d57
                0x000000000003f134        0x5 /var/folders/sk/pxzc9l1n12xfhw7mpgdgdkdc0000gn/T//tdttr40.elf.LVtvPN.ltrans0.ltrans.o
 .rodata.long_d57
                0x000000000003f139       0x15 /var/folders/sk/pxzc9l1n12xfhw7mpgdgdkdc0000gn/T//tdttr40.elf.LVtvPN.ltrans0.ltrans.o
 .rodata.short_d56
                0x000000000003f14e        0x8 /var/folders/sk/pxzc9l1n12xfhw7mpgdgdkdc0000gn/T//tdttr40.elf.LVtvPN.ltrans0.ltrans.o
 .rodata.long_d56
                0x000000000003f156       0xee /var/folders/sk/pxzc9l1n12xfhw7mpgdgdkdc0000gn/T//tdttr40.elf.LVtvPN.ltrans0.ltrans.o
 .rodata.short_d55
                0x000000000003f244        0x8 /var/folders/sk/pxzc9l1n12xfhw7mpgdgdkdc0000gn/T//tdttr40.elf.LVtvPN.ltrans0.ltrans.o
 .rodata.long_d55
                0x000000000003f24c       0x36 /var/folders/sk/pxzc9l1n12xfhw7mpgdgdkdc0000gn/T//tdttr40.elf.LVtvPN.ltrans0.ltrans.o
 .rodata.short_d54
                0x000000000003f282        0x7 /var/folders/sk/pxzc9l1n12xfhw7mpgdgdkdc0000gn/T//tdttr40.elf.LVtvPN.ltrans0.ltrans.o
 .rodata.long_d54
                0x000000000003f289        0xc /var/folders/sk/pxzc9l1n12xfhw7mpgdgdkdc0000gn/T//tdttr40.elf.LVtvPN.ltrans0.ltrans.o
 .rodata.short_d53
                0x000000000003f295        0x7 /var/folders/sk/pxzc9l1n12xfhw7mpgdgdkdc0000gn/T//tdttr40.elf.LVtvPN.ltrans0.ltrans.o
 .rodata.long_d53
                0x000000000003f29c        0xc /var/folders/sk/pxzc9l1n12xfhw7mpgdgdkdc0000gn/T//tdttr40.elf.LVtvPN.ltrans0.ltrans.o
 .rodata.short_d52
                0x000000000003f2a8        0xc /var/folders/sk/pxzc9l1n12xfhw7mpgdgdkdc0000gn/T//tdttr40.elf.LVtvPN.ltrans0.ltrans.o
 .rodata.long_d52
                0x000000000003f2b4       0x1d /var/folders/sk/pxzc9l1n12xfhw7mpgdgdkdc0000gn/T//tdttr40.elf.LVtvPN.ltrans0.ltrans.o
 .rodata.short_d51
                0x000000000003f2d1        0x7 /var/folders/sk/pxzc9l1n12xfhw7mpgdgdkdc0000gn/T//tdttr40.elf.LVtvPN.ltrans0.ltrans.o
 .rodata.long_d51
                0x000000000003f2d8       0x17 /var/folders/sk/pxzc9l1n12xfhw7mpgdgdkdc0000gn/T//tdttr40.elf.LVtvPN.ltrans0.ltrans.o
 .rodata.short_d50
                0x000000000003f2ef        0x7 /var/folders/sk/pxzc9l1n12xfhw7mpgdgdkdc0000gn/T//tdttr40.elf.LVtvPN.ltrans0.ltrans.o
 .rodata.long_d50
                0x000000000003f2f6        0xc /var/folders/sk/pxzc9l1n12xfhw7mpgdgdkdc0000gn/T//tdttr40.elf.LVtvPN.ltrans0.ltrans.o
 .rodata.short_d49
                0x000000000003f302        0x7 /var/folders/sk/pxzc9l1n12xfhw7mpgdgdkdc0000gn/T//tdttr40.elf.LVtvPN.ltrans0.ltrans.o
 .rodata.long_d49
                0x000000000003f309        0xc /var/folders/sk/pxzc9l1n12xfhw7mpgdgdkdc0000gn/T//tdttr40.elf.LVtvPN.ltrans0.ltrans.o
 .rodata.short_d48
                0x000000000003f315        0x7 /var/folders/sk/pxzc9l1n12xfhw7mpgdgdkdc0000gn/T//tdttr40.elf.LVtvPN.ltrans0.ltrans.o
 .rodata.long_d48
                0x000000000003f31c        0xc /var/folders/sk/pxzc9l1n12xfhw7mpgdgdkdc0000gn/T//tdttr40.elf.LVtvPN.ltrans0.ltrans.o
 .rodata.short_d47
                0x000000000003f328        0x5 /var/folders/sk/pxzc9l1n12xfhw7mpgdgdkdc0000gn/T//tdttr40.elf.LVtvPN.ltrans0.ltrans.o
 .rodata.long_d47
                0x000000000003f32d       0x26 /var/folders/sk/pxzc9l1n12xfhw7mpgdgdkdc0000gn/T//tdttr40.elf.LVtvPN.ltrans0.ltrans.o
 .rodata.short_d46
                0x000000000003f353        0x7 /var/folders/sk/pxzc9l1n12xfhw7mpgdgdkdc0000gn/T//tdttr40.elf.LVtvPN.ltrans0.ltrans.o
 .rodata.long_d46
                0x000000000003f35a       0x4e /var/folders/sk/pxzc9l1n12xfhw7mpgdgdkdc0000gn/T//tdttr40.elf.LVtvPN.ltrans0.ltrans.o
 .rodata.short_d45
                0x000000000003f3a8        0x5 /var/folders/sk/pxzc9l1n12xfhw7mpgdgdkdc0000gn/T//tdttr40.elf.LVtvPN.ltrans0.ltrans.o
 .rodata.long_d45
                0x000000000003f3ad       0x26 /var/folders/sk/pxzc9l1n12xfhw7mpgdgdkdc0000gn/T//tdttr40.elf.LVtvPN.ltrans0.ltrans.o
 .rodata.short_d44
                0x000000000003f3d3        0x5 /var/folders/sk/pxzc9l1n12xfhw7mpgdgdkdc0000gn/T//tdttr40.elf.LVtvPN.ltrans0.ltrans.o
 .rodata.long_d44
                0x000000000003f3d8       0x26 /var/folders/sk/pxzc9l1n12xfhw7mpgdgdkdc0000gn/T//tdttr40.elf.LVtvPN.ltrans0.ltrans.o
 .rodata.short_d43
                0x000000000003f3fe        0x8 /var/folders/sk/pxzc9l1n12xfhw7mpgdgdkdc0000gn/T//tdttr40.elf.LVtvPN.ltrans0.ltrans.o
 .rodata.long_d43
                0x000000000003f406       0x7b /var/folders/sk/pxzc9l1n12xfhw7mpgdgdkdc0000gn/T//tdttr40.elf.LVtvPN.ltrans0.ltrans.o
 .rodata.short_d42
                0x000000000003f481        0x5 /var/folders/sk/pxzc9l1n12xfhw7mpgdgdkdc0000gn/T//tdttr40.elf.LVtvPN.ltrans0.ltrans.o
 .rodata.long_d42
                0x000000000003f486        0x5 /var/folders/sk/pxzc9l1n12xfhw7mpgdgdkdc0000gn/T//tdttr40.elf.LVtvPN.ltrans0.ltrans.o
 .rodata.short_d41
                0x000000000003f48b        0x8 /var/folders/sk/pxzc9l1n12xfhw7mpgdgdkdc0000gn/T//tdttr40.elf.LVtvPN.ltrans0.ltrans.o
 .rodata.long_d41
                0x000000000003f493       0x53 /var/folders/sk/pxzc9l1n12xfhw7mpgdgdkdc0000gn/T//tdttr40.elf.LVtvPN.ltrans0.ltrans.o
 .rodata.short_d40
                0x000000000003f4e6        0x8 /var/folders/sk/pxzc9l1n12xfhw7mpgdgdkdc0000gn/T//tdttr40.elf.LVtvPN.ltrans0.ltrans.o
 .rodata.long_d40
                0x000000000003f4ee       0xa3 /var/folders/sk/pxzc9l1n12xfhw7mpgdgdkdc0000gn/T//tdttr40.elf.LVtvPN.ltrans0.ltrans.o
 .rodata.short_d39
                0x000000000003f591        0x6 /var/folders/sk/pxzc9l1n12xfhw7mpgdgdkdc0000gn/T//tdttr40.elf.LVtvPN.ltrans0.ltrans.o
 .rodata.long_d39
                0x000000000003f597        0x6 /var/folders/sk/pxzc9l1n12xfhw7mpgdgdkdc0000gn/T//tdttr40.elf.LVtvPN.ltrans0.ltrans.o
 .rodata.short_d38
                0x000000000003f59d        0x7 /var/folders/sk/pxzc9l1n12xfhw7mpgdgdkdc0000gn/T//tdttr40.elf.LVtvPN.ltrans0.ltrans.o
 .rodata.long_d38
                0x000000000003f5a4       0x29 /var/folders/sk/pxzc9l1n12xfhw7mpgdgdkdc0000gn/T//tdttr40.elf.LVtvPN.ltrans0.ltrans.o
 .rodata.short_d37
                0x000000000003f5cd        0x7 /var/folders/sk/pxzc9l1n12xfhw7mpgdgdkdc0000gn/T//tdttr40.elf.LVtvPN.ltrans0.ltrans.o
 .rodata.long_d37
                0x000000000003f5d4       0x76 /var/folders/sk/pxzc9l1n12xfhw7mpgdgdkdc0000gn/T//tdttr40.elf.LVtvPN.ltrans0.ltrans.o
 .rodata.short_d36
                0x000000000003f64a        0x6 /var/folders/sk/pxzc9l1n12xfhw7mpgdgdkdc0000gn/T//tdttr40.elf.LVtvPN.ltrans0.ltrans.o
 .rodata.long_d36
                0x000000000003f650       0x13 /var/folders/sk/pxzc9l1n12xfhw7mpgdgdkdc0000gn/T//tdttr40.elf.LVtvPN.ltrans0.ltrans.o
 .rodata.short_d35
                0x000000000003f663        0x6 /var/folders/sk/pxzc9l1n12xfhw7mpgdgdkdc0000gn/T//tdttr40.elf.LVtvPN.ltrans0.ltrans.o
 .rodata.long_d35
                0x000000000003f669       0x3d /var/folders/sk/pxzc9l1n12xfhw7mpgdgdkdc0000gn/T//tdttr40.elf.LVtvPN.ltrans0.ltrans.o
 .rodata.short_d34
                0x000000000003f6a6        0x6 /var/folders/sk/pxzc9l1n12xfhw7mpgdgdkdc0000gn/T//tdttr40.elf.LVtvPN.ltrans0.ltrans.o
 .rodata.long_d34
                0x000000000003f6ac       0x1a /var/folders/sk/pxzc9l1n12xfhw7mpgdgdkdc0000gn/T//tdttr40.elf.LVtvPN.ltrans0.ltrans.o
 .rodata.short_d33
                0x000000000003f6c6        0xd /var/folders/sk/pxzc9l1n12xfhw7mpgdgdkdc0000gn/T//tdttr40.elf.LVtvPN.ltrans0.ltrans.o
 .rodata.long_d33
                0x000000000003f6d3       0x29 /var/folders/sk/pxzc9l1n12xfhw7mpgdgdkdc0000gn/T//tdttr40.elf.LVtvPN.ltrans0.ltrans.o
 .rodata.short_d32
                0x000000000003f6fc        0xc /var/folders/sk/pxzc9l1n12xfhw7mpgdgdkdc0000gn/T//tdttr40.elf.LVtvPN.ltrans0.ltrans.o
 .rodata.long_d32
                0x000000000003f708       0x36 /var/folders/sk/pxzc9l1n12xfhw7mpgdgdkdc0000gn/T//tdttr40.elf.LVtvPN.ltrans0.ltrans.o
 .rodata.short_d31
                0x000000000003f73e        0x9 /var/folders/sk/pxzc9l1n12xfhw7mpgdgdkdc0000gn/T//tdttr40.elf.LVtvPN.ltrans0.ltrans.o
 .rodata.long_d31
                0x000000000003f747       0x4d /var/folders/sk/pxzc9l1n12xfhw7mpgdgdkdc0000gn/T//tdttr40.elf.LVtvPN.ltrans0.ltrans.o
 .rodata.short_d30
                0x000000000003f794        0x9 /var/folders/sk/pxzc9l1n12xfhw7mpgdgdkdc0000gn/T//tdttr40.elf.LVtvPN.ltrans0.ltrans.o
 .rodata.long_d30
                0x000000000003f79d       0x42 /var/folders/sk/pxzc9l1n12xfhw7mpgdgdkdc0000gn/T//tdttr40.elf.LVtvPN.ltrans0.ltrans.o
 .rodata.short_d29
                0x000000000003f7df        0x9 /var/folders/sk/pxzc9l1n12xfhw7mpgdgdkdc0000gn/T//tdttr40.elf.LVtvPN.ltrans0.ltrans.o
 .rodata.long_d29
                0x000000000003f7e8       0x32 /var/folders/sk/pxzc9l1n12xfhw7mpgdgdkdc0000gn/T//tdttr40.elf.LVtvPN.ltrans0.ltrans.o
 .rodata.short_d28
                0x000000000003f81a        0x7 /var/folders/sk/pxzc9l1n12xfhw7mpgdgdkdc0000gn/T//tdttr40.elf.LVtvPN.ltrans0.ltrans.o
 .rodata.long_d28
                0x000000000003f821       0x55 /var/folders/sk/pxzc9l1n12xfhw7mpgdgdkdc0000gn/T//tdttr40.elf.LVtvPN.ltrans0.ltrans.o
 .rodata.short_d27
                0x000000000003f876        0xa /var/folders/sk/pxzc9l1n12xfhw7mpgdgdkdc0000gn/T//tdttr40.elf.LVtvPN.ltrans0.ltrans.o
 .rodata.long_d27
                0x000000000003f880       0x35 /var/folders/sk/pxzc9l1n12xfhw7mpgdgdkdc0000gn/T//tdttr40.elf.LVtvPN.ltrans0.ltrans.o
 .rodata.short_d26
                0x000000000003f8b5        0xe /var/folders/sk/pxzc9l1n12xfhw7mpgdgdkdc0000gn/T//tdttr40.elf.LVtvPN.ltrans0.ltrans.o
 .rodata.long_d26
                0x000000000003f8c3       0x52 /var/folders/sk/pxzc9l1n12xfhw7mpgdgdkdc0000gn/T//tdttr40.elf.LVtvPN.ltrans0.ltrans.o
 .rodata.short_d25
                0x000000000003f915        0x6 /var/folders/sk/pxzc9l1n12xfhw7mpgdgdkdc0000gn/T//tdttr40.elf.LVtvPN.ltrans0.ltrans.o
 .rodata.long_d25
                0x000000000003f91b       0x61 /var/folders/sk/pxzc9l1n12xfhw7mpgdgdkdc0000gn/T//tdttr40.elf.LVtvPN.ltrans0.ltrans.o
 .rodata.short_d24
                0x000000000003f97c        0xa /var/folders/sk/pxzc9l1n12xfhw7mpgdgdkdc0000gn/T//tdttr40.elf.LVtvPN.ltrans0.ltrans.o
 .rodata.long_d24
                0x000000000003f986       0x34 /var/folders/sk/pxzc9l1n12xfhw7mpgdgdkdc0000gn/T//tdttr40.elf.LVtvPN.ltrans0.ltrans.o
 .rodata.short_d23
                0x000000000003f9ba        0xe /var/folders/sk/pxzc9l1n12xfhw7mpgdgdkdc0000gn/T//tdttr40.elf.LVtvPN.ltrans0.ltrans.o
 .rodata.long_d23
                0x000000000003f9c8       0x47 /var/folders/sk/pxzc9l1n12xfhw7mpgdgdkdc0000gn/T//tdttr40.elf.LVtvPN.ltrans0.ltrans.o
 .rodata.short_d22
                0x000000000003fa0f        0x9 /var/folders/sk/pxzc9l1n12xfhw7mpgdgdkdc0000gn/T//tdttr40.elf.LVtvPN.ltrans0.ltrans.o
 .rodata.long_d22
                0x000000000003fa18       0xa0 /var/folders/sk/pxzc9l1n12xfhw7mpgdgdkdc0000gn/T//tdttr40.elf.LVtvPN.ltrans0.ltrans.o
 .rodata.short_d21
                0x000000000003fab8        0x7 /var/folders/sk/pxzc9l1n12xfhw7mpgdgdkdc0000gn/T//tdttr40.elf.LVtvPN.ltrans0.ltrans.o
 .rodata.long_d21
                0x000000000003fabf       0x40 /var/folders/sk/pxzc9l1n12xfhw7mpgdgdkdc0000gn/T//tdttr40.elf.LVtvPN.ltrans0.ltrans.o
 .rodata.short_d20
                0x000000000003faff        0xb /var/folders/sk/pxzc9l1n12xfhw7mpgdgdkdc0000gn/T//tdttr40.elf.LVtvPN.ltrans0.ltrans.o
 .rodata.long_d20
                0x000000000003fb0a       0x92 /var/folders/sk/pxzc9l1n12xfhw7mpgdgdkdc0000gn/T//tdttr40.elf.LVtvPN.ltrans0.ltrans.o
 .rodata.short_d19
                0x000000000003fb9c        0xc /var/folders/sk/pxzc9l1n12xfhw7mpgdgdkdc0000gn/T//tdttr40.elf.LVtvPN.ltrans0.ltrans.o
 .rodata.long_d19
                0x000000000003fba8       0x6e /var/folders/sk/pxzc9l1n12xfhw7mpgdgdkdc0000gn/T//tdttr40.elf.LVtvPN.ltrans0.ltrans.o
 .rodata.short_d18
                0x000000000003fc16       0x13 /var/folders/sk/pxzc9l1n12xfhw7mpgdgdkdc0000gn/T//tdttr40.elf.LVtvPN.ltrans0.ltrans.o
 .rodata.long_d18
                0x000000000003fc29       0x55 /var/folders/sk/pxzc9l1n12xfhw7mpgdgdkdc0000gn/T//tdttr40.elf.LVtvPN.ltrans0.ltrans.o
 .rodata.short_d17
                0x000000000003fc7e        0xd /var/folders/sk/pxzc9l1n12xfhw7mpgdgdkdc0000gn/T//tdttr40.elf.LVtvPN.ltrans0.ltrans.o
 .rodata.long_d17
                0x000000000003fc8b       0x51 /var/folders/sk/pxzc9l1n12xfhw7mpgdgdkdc0000gn/T//tdttr40.elf.LVtvPN.ltrans0.ltrans.o
 .rodata.short_d16
                0x000000000003fcdc        0x4 /var/folders/sk/pxzc9l1n12xfhw7mpgdgdkdc0000gn/T//tdttr40.elf.LVtvPN.ltrans0.ltrans.o
 .rodata.long_d16
                0x000000000003fce0       0xd9 /var/folders/sk/pxzc9l1n12xfhw7mpgdgdkdc0000gn/T//tdttr40.elf.LVtvPN.ltrans0.ltrans.o
 .rodata.short_d15
                0x000000000003fdb9        0x8 /var/folders/sk/pxzc9l1n12xfhw7mpgdgdkdc0000gn/T//tdttr40.elf.LVtvPN.ltrans0.ltrans.o
 .rodata.long_d15
                0x000000000003fdc1       0x31 /var/folders/sk/pxzc9l1n12xfhw7mpgdgdkdc0000gn/T//tdttr40.elf.LVtvPN.ltrans0.ltrans.o
 .rodata.short_d14
                0x000000000003fdf2        0x5 /var/folders/sk/pxzc9l1n12xfhw7mpgdgdkdc0000gn/T//tdttr40.elf.LVtvPN.ltrans0.ltrans.o
 .rodata.long_d14
                0x000000000003fdf7       0x12 /var/folders/sk/pxzc9l1n12xfhw7mpgdgdkdc0000gn/T//tdttr40.elf.LVtvPN.ltrans0.ltrans.o
 .rodata.short_d13
                0x000000000003fe09        0x5 /var/folders/sk/pxzc9l1n12xfhw7mpgdgdkdc0000gn/T//tdttr40.elf.LVtvPN.ltrans0.ltrans.o
 .rodata.long_d13
                0x000000000003fe0e       0x2d /var/folders/sk/pxzc9l1n12xfhw7mpgdgdkdc0000gn/T//tdttr40.elf.LVtvPN.ltrans0.ltrans.o
 .rodata.short_d12
                0x000000000003fe3b        0x5 /var/folders/sk/pxzc9l1n12xfhw7mpgdgdkdc0000gn/T//tdttr40.elf.LVtvPN.ltrans0.ltrans.o
 .rodata.long_d12
                0x000000000003fe40       0x73 /var/folders/sk/pxzc9l1n12xfhw7mpgdgdkdc0000gn/T//tdttr40.elf.LVtvPN.ltrans0.ltrans.o
 .rodata.short_d11
                0x000000000003feb3        0x6 /var/folders/sk/pxzc9l1n12xfhw7mpgdgdkdc0000gn/T//tdttr40.elf.LVtvPN.ltrans0.ltrans.o
 .rodata.long_d11
                0x000000000003feb9       0x34 /var/folders/sk/pxzc9l1n12xfhw7mpgdgdkdc0000gn/T//tdttr40.elf.LVtvPN.ltrans0.ltrans.o
 .rodata.short_d10
                0x000000000003feed        0xc /var/folders/sk/pxzc9l1n12xfhw7mpgdgdkdc0000gn/T//tdttr40.elf.LVtvPN.ltrans0.ltrans.o
 .rodata.long_d10
                0x000000000003fef9       0x83 /var/folders/sk/pxzc9l1n12xfhw7mpgdgdkdc0000gn/T//tdttr40.elf.LVtvPN.ltrans0.ltrans.o
 .rodata.short_d9
                0x000000000003ff7c        0x6 /var/folders/sk/pxzc9l1n12xfhw7mpgdgdkdc0000gn/T//tdttr40.elf.LVtvPN.ltrans0.ltrans.o
 .rodata.long_d9
                0x000000000003ff82       0xf4 /var/folders/sk/pxzc9l1n12xfhw7mpgdgdkdc0000gn/T//tdttr40.elf.LVtvPN.ltrans0.ltrans.o
 .rodata.short_d8
                0x0000000000040076        0x7 /var/folders/sk/pxzc9l1n12xfhw7mpgdgdkdc0000gn/T//tdttr40.elf.LVtvPN.ltrans0.ltrans.o
 .rodata.long_d8
                0x000000000004007d       0x29 /var/folders/sk/pxzc9l1n12xfhw7mpgdgdkdc0000gn/T//tdttr40.elf.LVtvPN.ltrans0.ltrans.o
 .rodata.short_d7
                0x00000000000400a6        0x5 /var/folders/sk/pxzc9l1n12xfhw7mpgdgdkdc0000gn/T//tdttr40.elf.LVtvPN.ltrans0.ltrans.o
 .rodata.long_d7
                0x00000000000400ab       0x36 /var/folders/sk/pxzc9l1n12xfhw7mpgdgdkdc0000gn/T//tdttr40.elf.LVtvPN.ltrans0.ltrans.o
 .rodata.short_d6
                0x00000000000400e1        0xa /var/folders/sk/pxzc9l1n12xfhw7mpgdgdkdc0000gn/T//tdttr40.elf.LVtvPN.ltrans0.ltrans.o
 .rodata.long_d6
                0x00000000000400eb       0xde /var/folders/sk/pxzc9l1n12xfhw7mpgdgdkdc0000gn/T//tdttr40.elf.LVtvPN.ltrans0.ltrans.o
 .rodata.short_d5
                0x00000000000401c9        0x7 /var/folders/sk/pxzc9l1n12xfhw7mpgdgdkdc0000gn/T//tdttr40.elf.LVtvPN.ltrans0.ltrans.o
 .rodata.long_d5
                0x00000000000401d0       0x83 /var/folders/sk/pxzc9l1n12xfhw7mpgdgdkdc0000gn/T//tdttr40.elf.LVtvPN.ltrans0.ltrans.o
 .rodata.short_d4
                0x0000000000040253        0xb /var/folders/sk/pxzc9l1n12xfhw7mpgdgdkdc0000gn/T//tdttr40.elf.LVtvPN.ltrans0.ltrans.o
 .rodata.long_d4
                0x000000000004025e       0x3c /var/folders/sk/pxzc9l1n12xfhw7mpgdgdkdc0000gn/T//tdttr40.elf.LVtvPN.ltrans0.ltrans.o
 .rodata.short_d3
                0x000000000004029a        0x6 /var/folders/sk/pxzc9l1n12xfhw7mpgdgdkdc0000gn/T//tdttr40.elf.LVtvPN.ltrans0.ltrans.o
 .rodata.long_d3
                0x00000000000402a0       0x92 /var/folders/sk/pxzc9l1n12xfhw7mpgdgdkdc0000gn/T//tdttr40.elf.LVtvPN.ltrans0.ltrans.o
 .rodata.short_d2
                0x0000000000040332        0x9 /var/folders/sk/pxzc9l1n12xfhw7mpgdgdkdc0000gn/T//tdttr40.elf.LVtvPN.ltrans0.ltrans.o
 .rodata.long_d2
                0x000000000004033b       0xa9 /var/folders/sk/pxzc9l1n12xfhw7mpgdgdkdc0000gn/T//tdttr40.elf.LVtvPN.ltrans0.ltrans.o
 .rodata.short_d1
                0x00000000000403e4        0x6 /var/folders/sk/pxzc9l1n12xfhw7mpgdgdkdc0000gn/T//tdttr40.elf.LVtvPN.ltrans0.ltrans.o
 .rodata.long_d1
                0x00000000000403ea       0x8a /var/folders/sk/pxzc9l1n12xfhw7mpgdgdkdc0000gn/T//tdttr40.elf.LVtvPN.ltrans0.ltrans.o
 .rodata.dictionary
                0x0000000000040474      0xbf4 /var/folders/sk/pxzc9l1n12xfhw7mpgdgdkdc0000gn/T//tdttr40.elf.LVtvPN.ltrans0.ltrans.o
 .rodata.dir    0x0000000000041068       0x18 /var/folders/sk/pxzc9l1n12xfhw7mpgdgdkdc0000gn/T//tdttr40.elf.LVtvPN.ltrans0.ltrans.o
 .rodata.huftree
                0x0000000000041080      0x1cb /var/folders/sk/pxzc9l1n12xfhw7mpgdgdkdc0000gn/T//tdttr40.elf.LVtvPN.ltrans0.ltrans.o
 *fill*         0x000000000004124b        0x1 
 .rodata.original_position
                0x000000000004124c       0x60 /var/folders/sk/pxzc9l1n12xfhw7mpgdgdkdc0000gn/T//tdttr40.elf.LVtvPN.ltrans0.ltrans.o
 .rodata.original_connections
                0x00000000000412ac      0x186 /var/folders/sk/pxzc9l1n12xfhw7mpgdgdkdc0000gn/T//tdttr40.elf.LVtvPN.ltrans0.ltrans.o
 .rodata.str1.1
                0x0000000000041432       0xac /Users/davidebucci/Desktop/Synchronized/Vintage/Computing/Atari/ST/brown/lib/gcc/m68k-atariextrabrowner-elf/10.2.0/../../../../m68k-atariextrabrowner-elf/lib/m68000/libc.a(crtinit.o)
                                         0xad (size before relaxing)
 .rodata.str1.1
                0x00000000000414de       0x14 /Users/davidebucci/Desktop/Synchronized/Vintage/Computing/Atari/ST/brown/lib/gcc/m68k-atariextrabrowner-elf/10.2.0/../../../../m68k-atariextrabrowner-elf/lib/m68000/libc.a(globals.o)
 .rodata.str1.1
                0x00000000000414f2       0x13 /Users/davidebucci/Desktop/Synchronized/Vintage/Computing/Atari/ST/brown/lib/gcc/m68k-atariextrabrowner-elf/10.2.0/../../../../m68k-atariextrabrowner-elf/lib/m68000/libc.a(main.o)
 .rodata.str1.1
                0x0000000000041505       0x4d /Users/davidebucci/Desktop/Synchronized/Vintage/Computing/Atari/ST/brown/lib/gcc/m68k-atariextrabrowner-elf/10.2.0/../../../../m68k-atariextrabrowner-elf/lib/m68000/libc.a(malloc.o)
 .rodata        0x0000000000041552        0x7 /Users/davidebucci/Desktop/Synchronized/Vintage/Computing/Atari/ST/brown/lib/gcc/m68k-atariextrabrowner-elf/10.2.0/../../../../m68k-atariextrabrowner-elf/lib/m68000/libc.a(malloc.o)
 .rodata.str1.1
                0x0000000000041559       0x1c /Users/davidebucci/Desktop/Synchronized/Vintage/Computing/Atari/ST/brown/lib/gcc/m68k-atariextrabrowner-elf/10.2.0/../../../../m68k-atariextrabrowner-elf/lib/m68000/libc.a(realloc.o)
 .rodata        0x0000000000041575        0xa /Users/davidebucci/Desktop/Synchronized/Vintage/Computing/Atari/ST/brown/lib/gcc/m68k-atariextrabrowner-elf/10.2.0/../../../../m68k-atariextrabrowner-elf/lib/m68000/libc.a(realloc.o)
 .rodata.str1.1
                0x000000000004157f       0x12 /Users/davidebucci/Desktop/Synchronized/Vintage/Computing/Atari/ST/brown/lib/gcc/m68k-atariextrabrowner-elf/10.2.0/../../../../m68k-atariextrabrowner-elf/lib/m68000/libc.a(unx2dos.o)
                                         0x14 (size before relaxing)
 *fill*         0x0000000000041591        0x1 
 .rodata        0x0000000000041592       0x30 /Users/davidebucci/Desktop/Synchronized/Vintage/Computing/Atari/ST/brown/lib/gcc/m68k-atariextrabrowner-elf/10.2.0/../../../../m68k-atariextrabrowner-elf/lib/m68000/libc.a(internals.o)
                0x0000000000041592                ___default_room_functions
                0x000000000004159a                ___default_text_io_functions
                0x00000000000415ae                ___default_io_functions
 .rodata.str1.1
                0x00000000000415c2        0x9 /Users/davidebucci/Desktop/Synchronized/Vintage/Computing/Atari/ST/brown/lib/gcc/m68k-atariextrabrowner-elf/10.2.0/../../../../m68k-atariextrabrowner-elf/lib/m68000/libc.a(open.o)
 .rodata.str1.1
                0x00000000000415cb       0x18 /Users/davidebucci/Desktop/Synchronized/Vintage/Computing/Atari/ST/brown/lib/gcc/m68k-atariextrabrowner-elf/10.2.0/../../../../m68k-atariextrabrowner-elf/lib/m68000/libc.a(assert.o)
                                         0x31 (size before relaxing)
 .rodata.str1.1
                0x00000000000415e3       0x19 /Users/davidebucci/Desktop/Synchronized/Vintage/Computing/Atari/ST/brown/lib/gcc/m68k-atariextrabrowner-elf/10.2.0/../../../../m68k-atariextrabrowner-elf/lib/m68000/libc.a(quickstat.o)
 .rodata        0x00000000000415fc       0x4a /Users/davidebucci/Desktop/Synchronized/Vintage/Computing/Atari/ST/brown/lib/gcc/m68k-atariextrabrowner-elf/10.2.0/../../../../m68k-atariextrabrowner-elf/lib/m68000/libc.a(itoa-digits.o)
                0x00000000000415fc                __itoa_upper_digits
                0x0000000000041621                __itoa_lower_digits
 .rodata.str1.1
                0x0000000000041646       0x94 /Users/davidebucci/Desktop/Synchronized/Vintage/Computing/Atari/ST/brown/lib/gcc/m68k-atariextrabrowner-elf/10.2.0/../../../../m68k-atariextrabrowner-elf/lib/m68000/libc.a(localtime.o)
 .rodata        0x00000000000416da     0x2dcc /Users/davidebucci/Desktop/Synchronized/Vintage/Computing/Atari/ST/brown/lib/gcc/m68k-atariextrabrowner-elf/10.2.0/../../../../m68k-atariextrabrowner-elf/lib/m68000/libc.a(localtime.o)
 .rodata.str1.1
                0x00000000000444a6        0xc /Users/davidebucci/Desktop/Synchronized/Vintage/Computing/Atari/ST/brown/lib/gcc/m68k-atariextrabrowner-elf/10.2.0/../../../../m68k-atariextrabrowner-elf/lib/m68000/libc.a(ioctl.o)
 .rodata.str1.1
                0x00000000000444b2       0x19 /Users/davidebucci/Desktop/Synchronized/Vintage/Computing/Atari/ST/brown/lib/gcc/m68k-atariextrabrowner-elf/10.2.0/../../../../m68k-atariextrabrowner-elf/lib/m68000/libc.a(do_stat.o)
 .rodata.str1.1
                0x00000000000444b2        0xc /Users/davidebucci/Desktop/Synchronized/Vintage/Computing/Atari/ST/brown/lib/gcc/m68k-atariextrabrowner-elf/10.2.0/../../../../m68k-atariextrabrowner-elf/lib/m68000/libc.a(getpwuid_r.o)
                                          0xe (size before relaxing)
 .rodata.str1.1
                0x00000000000444be        0xb /Users/davidebucci/Desktop/Synchronized/Vintage/Computing/Atari/ST/brown/lib/gcc/m68k-atariextrabrowner-elf/10.2.0/../../../../m68k-atariextrabrowner-elf/lib/m68000/libc.a(grp.o)
                                          0xe (size before relaxing)
 .rodata.str1.1
                0x00000000000444c9       0x6a /Users/davidebucci/Desktop/Synchronized/Vintage/Computing/Atari/ST/brown/lib/gcc/m68k-atariextrabrowner-elf/10.2.0/../../../../m68k-atariextrabrowner-elf/lib/m68000/libc.a(asctime.o)
                                         0x6d (size before relaxing)
 .rodata        0x0000000000044533       0x39 /Users/davidebucci/Desktop/Synchronized/Vintage/Computing/Atari/ST/brown/lib/gcc/m68k-atariextrabrowner-elf/10.2.0/../../../../m68k-atariextrabrowner-elf/lib/m68000/libc.a(asctime.o)
 .rodata.str1.1
                0x000000000004456c      0x1e9 /Users/davidebucci/Desktop/Synchronized/Vintage/Computing/Atari/ST/brown/lib/gcc/m68k-atariextrabrowner-elf/10.2.0/../../../../m68k-atariextrabrowner-elf/lib/m68000/libc.a(strftime.o)
                                        0x1ee (size before relaxing)
 *fill*         0x0000000000044755        0x1 
 .rodata        0x0000000000044756       0xc8 /Users/davidebucci/Desktop/Synchronized/Vintage/Computing/Atari/ST/brown/lib/gcc/m68k-atariextrabrowner-elf/10.2.0/../../../../m68k-atariextrabrowner-elf/lib/m68000/libc.a(strftime.o)
 .rodata.str1.1
                0x000000000004481e        0x2 /Users/davidebucci/Desktop/Synchronized/Vintage/Computing/Atari/ST/brown/lib/gcc/m68k-atariextrabrowner-elf/10.2.0/../../../../m68k-atariextrabrowner-elf/lib/m68000/libc.a(setlocale.o)
 .rodata.str1.1
                0x0000000000044820        0x1 /Users/davidebucci/Desktop/Synchronized/Vintage/Computing/Atari/ST/brown/lib/gcc/m68k-atariextrabrowner-elf/10.2.0/../../../../m68k-atariextrabrowner-elf/lib/m68000/libc.a(fgetpwent_r.o)
 .rodata.str1.1
                0x0000000000044820        0x6 /Users/davidebucci/Desktop/Synchronized/Vintage/Computing/Atari/ST/brown/lib/gcc/m68k-atariextrabrowner-elf/10.2.0/../../../../m68k-atariextrabrowner-elf/lib/m68000/libc.a(vfprintf.o)
                                          0x7 (size before relaxing)
 .rodata        0x0000000000044826      0x4cb /Users/davidebucci/Desktop/Synchronized/Vintage/Computing/Atari/ST/brown/lib/gcc/m68k-atariextrabrowner-elf/10.2.0/../../../../m68k-atariextrabrowner-elf/lib/m68000/libc.a(vfprintf.o)
 *fill*         0x0000000000044cf1        0x1 
 .rodata        0x0000000000044cf2      0x230 /Users/davidebucci/Desktop/Synchronized/Vintage/Computing/Atari/ST/brown/lib/gcc/m68k-atariextrabrowner-elf/10.2.0/../../../../m68k-atariextrabrowner-elf/lib/m68000/libc.a(_itoa.o)
 .rodata.str1.1
                0x0000000000044f22       0x10 /Users/davidebucci/Desktop/Synchronized/Vintage/Computing/Atari/ST/brown/lib/gcc/m68k-atariextrabrowner-elf/10.2.0/../../../../m68k-atariextrabrowner-elf/lib/m68000/libc.a(printf_fp.o)
 .rodata        0x0000000000044f32        0xc /Users/davidebucci/Desktop/Synchronized/Vintage/Computing/Atari/ST/brown/lib/gcc/m68k-atariextrabrowner-elf/10.2.0/../../../../m68k-atariextrabrowner-elf/lib/m68000/libc.a(printf_fp.o)
 .rodata.str1.1